../Drivers/STM32F7xx_HAL_Driver/Src/stm32f7xx_hal_cryp.c:430:19:HAL_CRYP_Init	16	static
../Drivers/STM32F7xx_HAL_Driver/Src/stm32f7xx_hal_cryp.c:505:19:HAL_CRYP_DeInit	16	static
../Drivers/STM32F7xx_HAL_Driver/Src/stm32f7xx_hal_cryp.c:558:19:HAL_CRYP_SetConfig	16	static
../Drivers/STM32F7xx_HAL_Driver/Src/stm32f7xx_hal_cryp.c:640:19:HAL_CRYP_GetConfig	16	static
../Drivers/STM32F7xx_HAL_Driver/Src/stm32f7xx_hal_cryp.c:694:13:HAL_CRYP_MspInit	16	static
../Drivers/STM32F7xx_HAL_Driver/Src/stm32f7xx_hal_cryp.c:710:13:HAL_CRYP_MspDeInit	16	static
../Drivers/STM32F7xx_HAL_Driver/Src/stm32f7xx_hal_cryp.c:946:19:HAL_CRYP_Encrypt	32	static
../Drivers/STM32F7xx_HAL_Driver/Src/stm32f7xx_hal_cryp.c:1119:19:HAL_CRYP_Decrypt	32	static
../Drivers/STM32F7xx_HAL_Driver/Src/stm32f7xx_hal_cryp.c:1292:19:HAL_CRYP_Encrypt_IT	32	static
../Drivers/STM32F7xx_HAL_Driver/Src/stm32f7xx_hal_cryp.c:1455:19:HAL_CRYP_Decrypt_IT	32	static
../Drivers/STM32F7xx_HAL_Driver/Src/stm32f7xx_hal_cryp.c:1622:19:HAL_CRYP_Encrypt_DMA	40	static
../Drivers/STM32F7xx_HAL_Driver/Src/stm32f7xx_hal_cryp.c:1854:19:HAL_CRYP_Decrypt_DMA	32	static
../Drivers/STM32F7xx_HAL_Driver/Src/stm32f7xx_hal_cryp.c:2035:6:HAL_CRYP_IRQHandler	24	static
../Drivers/STM32F7xx_HAL_Driver/Src/stm32f7xx_hal_cryp.c:2137:10:HAL_CRYP_GetError	16	static
../Drivers/STM32F7xx_HAL_Driver/Src/stm32f7xx_hal_cryp.c:2148:23:HAL_CRYP_GetState	16	static
../Drivers/STM32F7xx_HAL_Driver/Src/stm32f7xx_hal_cryp.c:2159:13:HAL_CRYP_InCpltCallback	16	static
../Drivers/STM32F7xx_HAL_Driver/Src/stm32f7xx_hal_cryp.c:2175:13:HAL_CRYP_OutCpltCallback	16	static
../Drivers/STM32F7xx_HAL_Driver/Src/stm32f7xx_hal_cryp.c:2191:13:HAL_CRYP_ErrorCallback	16	static
../Drivers/STM32F7xx_HAL_Driver/Src/stm32f7xx_hal_cryp.c:2218:26:CRYP_TDES_Process	40	static
../Drivers/STM32F7xx_HAL_Driver/Src/stm32f7xx_hal_cryp.c:2304:13:CRYP_TDES_IT	32	static
../Drivers/STM32F7xx_HAL_Driver/Src/stm32f7xx_hal_cryp.c:2401:26:CRYP_AES_Encrypt	24	static
../Drivers/STM32F7xx_HAL_Driver/Src/stm32f7xx_hal_cryp.c:2479:26:CRYP_AES_Encrypt_IT	24	static
../Drivers/STM32F7xx_HAL_Driver/Src/stm32f7xx_hal_cryp.c:2575:26:CRYP_AES_Decrypt	24	static
../Drivers/STM32F7xx_HAL_Driver/Src/stm32f7xx_hal_cryp.c:2726:26:CRYP_AES_Decrypt_IT	24	static
../Drivers/STM32F7xx_HAL_Driver/Src/stm32f7xx_hal_cryp.c:2908:26:CRYP_AES_Decrypt_DMA	24	static
../Drivers/STM32F7xx_HAL_Driver/Src/stm32f7xx_hal_cryp.c:3065:13:CRYP_DMAInCplt	24	static
../Drivers/STM32F7xx_HAL_Driver/Src/stm32f7xx_hal_cryp.c:3106:13:CRYP_DMAOutCplt	24	static
../Drivers/STM32F7xx_HAL_Driver/Src/stm32f7xx_hal_cryp.c:3155:13:CRYP_DMAError	24	static
../Drivers/STM32F7xx_HAL_Driver/Src/stm32f7xx_hal_cryp.c:3191:13:CRYP_SetDMAConfig	24	static
../Drivers/STM32F7xx_HAL_Driver/Src/stm32f7xx_hal_cryp.c:3304:13:CRYP_AES_ProcessData	40	static
../Drivers/STM32F7xx_HAL_Driver/Src/stm32f7xx_hal_cryp.c:3431:13:CRYP_AES_IT	40	static
../Drivers/STM32F7xx_HAL_Driver/Src/stm32f7xx_hal_cryp.c:3600:13:CRYP_SetKey	16	static
../Drivers/STM32F7xx_HAL_Driver/Src/stm32f7xx_hal_cryp.c:3668:26:CRYP_AESGCM_Process	32	static
../Drivers/STM32F7xx_HAL_Driver/Src/stm32f7xx_hal_cryp.c:3866:26:CRYP_AESGCM_Process_IT	24	static
../Drivers/STM32F7xx_HAL_Driver/Src/stm32f7xx_hal_cryp.c:4146:26:CRYP_AESGCM_Process_DMA	32	static
../Drivers/STM32F7xx_HAL_Driver/Src/stm32f7xx_hal_cryp.c:4324:26:CRYP_AESCCM_Process	112	static,ignoring_inline_asm
../Drivers/STM32F7xx_HAL_Driver/Src/stm32f7xx_hal_cryp.c:4751:26:CRYP_AESCCM_Process_IT	104	static,ignoring_inline_asm
../Drivers/STM32F7xx_HAL_Driver/Src/stm32f7xx_hal_cryp.c:4907:26:CRYP_AESCCM_Process_DMA	112	static,ignoring_inline_asm
../Drivers/STM32F7xx_HAL_Driver/Src/stm32f7xx_hal_cryp.c:5322:13:CRYP_GCMCCM_SetPayloadPhase_IT	48	static
../Drivers/STM32F7xx_HAL_Driver/Src/stm32f7xx_hal_cryp.c:5597:26:CRYP_GCMCCM_SetHeaderPhase	88	static
../Drivers/STM32F7xx_HAL_Driver/Src/stm32f7xx_hal_cryp.c:5900:26:CRYP_GCMCCM_SetHeaderPhase_DMA	88	static
../Drivers/STM32F7xx_HAL_Driver/Src/stm32f7xx_hal_cryp.c:6241:13:CRYP_GCMCCM_SetHeaderPhase_IT	88	static
../Drivers/STM32F7xx_HAL_Driver/Src/stm32f7xx_hal_cryp.c:6479:13:CRYP_Workaround	144	static,ignoring_inline_asm
../Drivers/STM32F7xx_HAL_Driver/Src/stm32f7xx_hal_cryp.c:6991:26:CRYP_WaitOnIFEMFlag	24	static
../Drivers/STM32F7xx_HAL_Driver/Src/stm32f7xx_hal_cryp.c:7019:26:CRYP_WaitOnBUSYFlag	24	static
../Drivers/STM32F7xx_HAL_Driver/Src/stm32f7xx_hal_cryp.c:7048:26:CRYP_WaitOnOFNEFlag	24	static
