Archive member included to satisfy reference by file (symbol)

/usr/lib/gcc/avr/5.4.0/avrxmega6/libgcc.a(_exit.o)
                              /usr/lib/gcc/avr/5.4.0/../../../avr/lib/avrxmega6/crtatxmega128d3.o (exit)
/usr/lib/gcc/avr/5.4.0/avrxmega6/libgcc.a(_copy_data.o)
                              objdir-CWLITEXMEGA/simpleserial.o (__do_copy_data)
/usr/lib/gcc/avr/5.4.0/avrxmega6/libgcc.a(_clear_bss.o)
                              objdir-CWLITEXMEGA/simpleserial-aes.o (__do_clear_bss)

Allocating common symbols
Common symbol       size              file

enckey              0x10              objdir-CWLITEXMEGA/aes-independant.o

Memory Configuration

Name             Origin             Length             Attributes
text             0x0000000000000000 0x0000000000022000 xr
data             0x0000000000802000 0x0000000000002000 rw !x
eeprom           0x0000000000810000 0x0000000000000800 rw !x
fuse             0x0000000000820000 0x0000000000000006 rw !x
lock             0x0000000000830000 0x0000000000000400 rw !x
signature        0x0000000000840000 0x0000000000000400 rw !x
user_signatures  0x0000000000850000 0x0000000000000400 rw !x
*default*        0x0000000000000000 0xffffffffffffffff

Linker script and memory map

LOAD /usr/lib/gcc/avr/5.4.0/../../../avr/lib/avrxmega6/crtatxmega128d3.o
LOAD objdir-CWLITEXMEGA/simpleserial-aes.o
LOAD objdir-CWLITEXMEGA/simpleserial.o
LOAD objdir-CWLITEXMEGA/hal.o
LOAD objdir-CWLITEXMEGA/XMEGA_AES_driver.o
LOAD objdir-CWLITEXMEGA/uart.o
LOAD objdir-CWLITEXMEGA/usart_driver.o
LOAD objdir-CWLITEXMEGA/xmega_hal.o
LOAD objdir-CWLITEXMEGA/aes.o
LOAD objdir-CWLITEXMEGA/aes-independant.o
LOAD /usr/lib/gcc/avr/5.4.0/../../../avr/lib/avrxmega6/libm.a
START GROUP
LOAD /usr/lib/gcc/avr/5.4.0/avrxmega6/libgcc.a
LOAD /usr/lib/gcc/avr/5.4.0/../../../avr/lib/avrxmega6/libm.a
LOAD /usr/lib/gcc/avr/5.4.0/../../../avr/lib/avrxmega6/libc.a
LOAD /usr/lib/gcc/avr/5.4.0/../../../avr/lib/avrxmega6/libatxmega128d3.a
END GROUP
                [0x0000000000000000]                __TEXT_REGION_ORIGIN__ = DEFINED (__TEXT_REGION_ORIGIN__)?__TEXT_REGION_ORIGIN__:0x0
                [0x0000000000802000]                __DATA_REGION_ORIGIN__ = DEFINED (__DATA_REGION_ORIGIN__)?__DATA_REGION_ORIGIN__:0x802000
                [0x0000000000022000]                __TEXT_REGION_LENGTH__ = DEFINED (__TEXT_REGION_LENGTH__)?__TEXT_REGION_LENGTH__:0x100000
                [0x0000000000002000]                __DATA_REGION_LENGTH__ = DEFINED (__DATA_REGION_LENGTH__)?__DATA_REGION_LENGTH__:0xffa0
                [0x0000000000000800]                __EEPROM_REGION_LENGTH__ = DEFINED (__EEPROM_REGION_LENGTH__)?__EEPROM_REGION_LENGTH__:0x10000
                [0x0000000000000006]                __FUSE_REGION_LENGTH__ = DEFINED (__FUSE_REGION_LENGTH__)?__FUSE_REGION_LENGTH__:0x400
                0x0000000000000400                __LOCK_REGION_LENGTH__ = DEFINED (__LOCK_REGION_LENGTH__)?__LOCK_REGION_LENGTH__:0x400
                0x0000000000000400                __SIGNATURE_REGION_LENGTH__ = DEFINED (__SIGNATURE_REGION_LENGTH__)?__SIGNATURE_REGION_LENGTH__:0x400
                0x0000000000000400                __USER_SIGNATURE_REGION_LENGTH__ = DEFINED (__USER_SIGNATURE_REGION_LENGTH__)?__USER_SIGNATURE_REGION_LENGTH__:0x400

.hash
 *(.hash)

.dynsym
 *(.dynsym)

.dynstr
 *(.dynstr)

.gnu.version
 *(.gnu.version)

.gnu.version_d
 *(.gnu.version_d)

.gnu.version_r
 *(.gnu.version_r)

.rel.init
 *(.rel.init)

.rela.init
 *(.rela.init)

.rel.text
 *(.rel.text)
 *(.rel.text.*)
 *(.rel.gnu.linkonce.t*)

.rela.text
 *(.rela.text)
 *(.rela.text.*)
 *(.rela.gnu.linkonce.t*)

.rel.fini
 *(.rel.fini)

.rela.fini
 *(.rela.fini)

.rel.rodata
 *(.rel.rodata)
 *(.rel.rodata.*)
 *(.rel.gnu.linkonce.r*)

.rela.rodata
 *(.rela.rodata)
 *(.rela.rodata.*)
 *(.rela.gnu.linkonce.r*)

.rel.data
 *(.rel.data)
 *(.rel.data.*)
 *(.rel.gnu.linkonce.d*)

.rela.data
 *(.rela.data)
 *(.rela.data.*)
 *(.rela.gnu.linkonce.d*)

.rel.ctors
 *(.rel.ctors)

.rela.ctors
 *(.rela.ctors)

.rel.dtors
 *(.rel.dtors)

.rela.dtors
 *(.rela.dtors)

.rel.got
 *(.rel.got)

.rela.got
 *(.rela.got)

.rel.bss
 *(.rel.bss)

.rela.bss
 *(.rela.bss)

.rel.plt
 *(.rel.plt)

.rela.plt
 *(.rela.plt)

.text           0x0000000000000000      0xdc2
 *(.vectors)
 .vectors       0x0000000000000000      0x1c8 /usr/lib/gcc/avr/5.4.0/../../../avr/lib/avrxmega6/crtatxmega128d3.o
                0x0000000000000000                __vectors
                0x0000000000000000                __vector_default
 *(.vectors)
 *(.progmem.gcc*)
                0x00000000000001c8                . = ALIGN (0x2)
                0x00000000000001c8                __trampolines_start = .
 *(.trampolines)
 .trampolines   0x00000000000001c8       0x18 linker stubs
 *(.trampolines*)
                0x00000000000001e0                __trampolines_end = .
 *libprintf_flt.a:*(.progmem.data)
 *libc.a:*(.progmem.data)
 *(.progmem*)
                0x00000000000001e0                . = ALIGN (0x2)
 *(.jumptables)
 *(.jumptables*)
 *(.lowtext)
 *(.lowtext*)
                0x00000000000001e0                __ctors_start = .
 *(.ctors)
                0x00000000000001e0                __ctors_end = .
                0x00000000000001e0                __dtors_start = .
 *(.dtors)
                0x00000000000001e0                __dtors_end = .
 SORT(*)(.ctors)
 SORT(*)(.dtors)
 *(.init0)
 .init0         0x00000000000001e0        0x0 /usr/lib/gcc/avr/5.4.0/../../../avr/lib/avrxmega6/crtatxmega128d3.o
                0x00000000000001e0                __init
 *(.init0)
 *(.init1)
 *(.init1)
 *(.init2)
 .init2         0x00000000000001e0       0x10 /usr/lib/gcc/avr/5.4.0/../../../avr/lib/avrxmega6/crtatxmega128d3.o
 *(.init2)
 *(.init3)
 *(.init3)
 *(.init4)
 .init4         0x00000000000001f0       0x1a /usr/lib/gcc/avr/5.4.0/avrxmega6/libgcc.a(_copy_data.o)
                0x00000000000001f0                __do_copy_data
 .init4         0x000000000000020a       0x10 /usr/lib/gcc/avr/5.4.0/avrxmega6/libgcc.a(_clear_bss.o)
                0x000000000000020a                __do_clear_bss
 *(.init4)
 *(.init5)
 *(.init5)
 *(.init6)
 *(.init6)
 *(.init7)
 *(.init7)
 *(.init8)
 *(.init8)
 *(.init9)
 .init9         0x000000000000021a        0x8 /usr/lib/gcc/avr/5.4.0/../../../avr/lib/avrxmega6/crtatxmega128d3.o
 *(.init9)
 *(.text)
 .text          0x0000000000000222        0x4 /usr/lib/gcc/avr/5.4.0/../../../avr/lib/avrxmega6/crtatxmega128d3.o
                0x0000000000000222                __vector_38
                0x0000000000000222                __vector_104
                0x0000000000000222                __vector_22
                0x0000000000000222                __vector_63
                0x0000000000000222                __vector_28
                0x0000000000000222                __vector_67
                0x0000000000000222                __vector_1
                0x0000000000000222                __vector_32
                0x0000000000000222                __vector_75
                0x0000000000000222                __vector_71
                0x0000000000000222                __vector_91
                0x0000000000000222                __vector_34
                0x0000000000000222                __vector_62
                0x0000000000000222                __vector_77
                0x0000000000000222                __vector_102
                0x0000000000000222                __vector_24
                0x0000000000000222                __vector_12
                0x0000000000000222                __vector_55
                0x0000000000000222                __vector_69
                0x0000000000000222                __vector_81
                0x0000000000000222                __vector_90
                0x0000000000000222                __vector_46
                0x0000000000000222                __bad_interrupt
                0x0000000000000222                __vector_72
                0x0000000000000222                __vector_6
                0x0000000000000222                __vector_110
                0x0000000000000222                __vector_31
                0x0000000000000222                __vector_92
                0x0000000000000222                __vector_35
                0x0000000000000222                __vector_78
                0x0000000000000222                __vector_74
                0x0000000000000222                __vector_39
                0x0000000000000222                __vector_107
                0x0000000000000222                __vector_3
                0x0000000000000222                __vector_105
                0x0000000000000222                __vector_98
                0x0000000000000222                __vector_23
                0x0000000000000222                __vector_68
                0x0000000000000222                __vector_30
                0x0000000000000222                __vector_73
                0x0000000000000222                __vector_45
                0x0000000000000222                __vector_25
                0x0000000000000222                __vector_93
                0x0000000000000222                __vector_61
                0x0000000000000222                __vector_11
                0x0000000000000222                __vector_54
                0x0000000000000222                __vector_99
                0x0000000000000222                __vector_13
                0x0000000000000222                __vector_17
                0x0000000000000222                __vector_19
                0x0000000000000222                __vector_56
                0x0000000000000222                __vector_7
                0x0000000000000222                __vector_49
                0x0000000000000222                __vector_41
                0x0000000000000222                __vector_86
                0x0000000000000222                __vector_100
                0x0000000000000222                __vector_101
                0x0000000000000222                __vector_64
                0x0000000000000222                __vector_88
                0x0000000000000222                __vector_109
                0x0000000000000222                __vector_43
                0x0000000000000222                __vector_27
                0x0000000000000222                __vector_5
                0x0000000000000222                __vector_113
                0x0000000000000222                __vector_33
                0x0000000000000222                __vector_76
                0x0000000000000222                __vector_47
                0x0000000000000222                __vector_52
                0x0000000000000222                __vector_37
                0x0000000000000222                __vector_95
                0x0000000000000222                __vector_103
                0x0000000000000222                __vector_96
                0x0000000000000222                __vector_89
                0x0000000000000222                __vector_108
                0x0000000000000222                __vector_4
                0x0000000000000222                __vector_44
                0x0000000000000222                __vector_82
                0x0000000000000222                __vector_106
                0x0000000000000222                __vector_51
                0x0000000000000222                __vector_9
                0x0000000000000222                __vector_2
                0x0000000000000222                __vector_21
                0x0000000000000222                __vector_15
                0x0000000000000222                __vector_66
                0x0000000000000222                __vector_36
                0x0000000000000222                __vector_79
                0x0000000000000222                __vector_58
                0x0000000000000222                __vector_70
                0x0000000000000222                __vector_83
                0x0000000000000222                __vector_29
                0x0000000000000222                __vector_60
                0x0000000000000222                __vector_40
                0x0000000000000222                __vector_85
                0x0000000000000222                __vector_94
                0x0000000000000222                __vector_8
                0x0000000000000222                __vector_26
                0x0000000000000222                __vector_48
                0x0000000000000222                __vector_112
                0x0000000000000222                __vector_111
                0x0000000000000222                __vector_80
                0x0000000000000222                __vector_14
                0x0000000000000222                __vector_84
                0x0000000000000222                __vector_57
                0x0000000000000222                __vector_53
                0x0000000000000222                __vector_10
                0x0000000000000222                __vector_50
                0x0000000000000222                __vector_16
                0x0000000000000222                __vector_59
                0x0000000000000222                __vector_18
                0x0000000000000222                __vector_97
                0x0000000000000222                __vector_20
                0x0000000000000222                __vector_42
                0x0000000000000222                __vector_87
                0x0000000000000222                __vector_65
 .text          0x0000000000000226       0x5a objdir-CWLITEXMEGA/simpleserial-aes.o
                0x0000000000000226                handle_echo
                0x0000000000000232                handle_key
                0x000000000000024e                handle_pt
 .text          0x0000000000000280      0x3e2 objdir-CWLITEXMEGA/simpleserial.o
                0x0000000000000280                check_version
                0x0000000000000284                ss_crc
                0x00000000000002ac                hex_decode
                0x0000000000000336                simpleserial_addcmd_flags
                0x000000000000037c                simpleserial_addcmd
                0x0000000000000382                simpleserial_init
                0x00000000000003ac                simpleserial_put
                0x000000000000042e                ss_num_commands
                0x0000000000000456                ss_get_commands
                0x00000000000004dc                simpleserial_get
 .text          0x0000000000000662        0x4 objdir-CWLITEXMEGA/hal.o
                0x0000000000000662                led_ok
                0x0000000000000664                led_error
 .text          0x0000000000000666        0x0 objdir-CWLITEXMEGA/XMEGA_AES_driver.o
 .text          0x0000000000000666       0x88 objdir-CWLITEXMEGA/uart.o
                0x0000000000000666                init_uart0
                0x000000000000068e                input_ch_w_timeout_0
                0x00000000000006d2                input_ch_0
                0x00000000000006e0                output_ch_0
 .text          0x00000000000006ee      0x11a objdir-CWLITEXMEGA/usart_driver.o
                0x00000000000006ee                USART_InterruptDriver_Initialize
                0x0000000000000700                USART_InterruptDriver_DreInterruptLevel_Set
                0x0000000000000706                USART_TXBuffer_FreeSpace
                0x000000000000071a                USART_TXBuffer_PutByte
                0x0000000000000752                USART_RXBufferData_Available
                0x0000000000000762                USART_RXBuffer_GetByte
                0x000000000000077a                USART_RXComplete
                0x00000000000007a4                USART_DataRegEmpty
                0x00000000000007de                USART_NineBits_PutChar
                0x00000000000007f2                USART_NineBits_GetChar
 .text          0x0000000000000808       0x2c objdir-CWLITEXMEGA/xmega_hal.o
                0x0000000000000808                platform_init
 .text          0x0000000000000834      0x538 objdir-CWLITEXMEGA/aes.o
                0x0000000000000b88                AES128_ECB_indp_setkey
                0x0000000000000b94                AES128_ECB_indp_crypto
                0x0000000000000baa                AES128_ECB_encrypt
                0x0000000000000bde                AES128_ECB_decrypt
 .text          0x0000000000000d6c       0x10 objdir-CWLITEXMEGA/aes-independant.o
                0x0000000000000d6c                aes_indep_init
                0x0000000000000d6e                aes_indep_key
                0x0000000000000d72                aes_indep_enc
                0x0000000000000d76                aes_indep_enc_pretrigger
                0x0000000000000d78                aes_indep_enc_posttrigger
                0x0000000000000d7a                aes_indep_mask
 .text          0x0000000000000d7c        0x0 /usr/lib/gcc/avr/5.4.0/avrxmega6/libgcc.a(_exit.o)
 .text          0x0000000000000d7c        0x0 /usr/lib/gcc/avr/5.4.0/avrxmega6/libgcc.a(_copy_data.o)
 .text          0x0000000000000d7c        0x0 /usr/lib/gcc/avr/5.4.0/avrxmega6/libgcc.a(_clear_bss.o)
                0x0000000000000d7c                . = ALIGN (0x2)
 *(.text.*)
 .text.startup  0x0000000000000d7c       0x42 objdir-CWLITEXMEGA/simpleserial-aes.o
                0x0000000000000d7c                main
 .text.libgcc.mul
                0x0000000000000dbe        0x0 /usr/lib/gcc/avr/5.4.0/avrxmega6/libgcc.a(_exit.o)
 .text.libgcc.div
                0x0000000000000dbe        0x0 /usr/lib/gcc/avr/5.4.0/avrxmega6/libgcc.a(_exit.o)
 .text.libgcc   0x0000000000000dbe        0x0 /usr/lib/gcc/avr/5.4.0/avrxmega6/libgcc.a(_exit.o)
 .text.libgcc.prologue
                0x0000000000000dbe        0x0 /usr/lib/gcc/avr/5.4.0/avrxmega6/libgcc.a(_exit.o)
 .text.libgcc.builtins
                0x0000000000000dbe        0x0 /usr/lib/gcc/avr/5.4.0/avrxmega6/libgcc.a(_exit.o)
 .text.libgcc.fmul
                0x0000000000000dbe        0x0 /usr/lib/gcc/avr/5.4.0/avrxmega6/libgcc.a(_exit.o)
 .text.libgcc.fixed
                0x0000000000000dbe        0x0 /usr/lib/gcc/avr/5.4.0/avrxmega6/libgcc.a(_exit.o)
 .text.libgcc.mul
                0x0000000000000dbe        0x0 /usr/lib/gcc/avr/5.4.0/avrxmega6/libgcc.a(_copy_data.o)
 .text.libgcc.div
                0x0000000000000dbe        0x0 /usr/lib/gcc/avr/5.4.0/avrxmega6/libgcc.a(_copy_data.o)
 .text.libgcc   0x0000000000000dbe        0x0 /usr/lib/gcc/avr/5.4.0/avrxmega6/libgcc.a(_copy_data.o)
 .text.libgcc.prologue
                0x0000000000000dbe        0x0 /usr/lib/gcc/avr/5.4.0/avrxmega6/libgcc.a(_copy_data.o)
 .text.libgcc.builtins
                0x0000000000000dbe        0x0 /usr/lib/gcc/avr/5.4.0/avrxmega6/libgcc.a(_copy_data.o)
 .text.libgcc.fmul
                0x0000000000000dbe        0x0 /usr/lib/gcc/avr/5.4.0/avrxmega6/libgcc.a(_copy_data.o)
 .text.libgcc.fixed
                0x0000000000000dbe        0x0 /usr/lib/gcc/avr/5.4.0/avrxmega6/libgcc.a(_copy_data.o)
 .text.libgcc.mul
                0x0000000000000dbe        0x0 /usr/lib/gcc/avr/5.4.0/avrxmega6/libgcc.a(_clear_bss.o)
 .text.libgcc.div
                0x0000000000000dbe        0x0 /usr/lib/gcc/avr/5.4.0/avrxmega6/libgcc.a(_clear_bss.o)
 .text.libgcc   0x0000000000000dbe        0x0 /usr/lib/gcc/avr/5.4.0/avrxmega6/libgcc.a(_clear_bss.o)
 .text.libgcc.prologue
                0x0000000000000dbe        0x0 /usr/lib/gcc/avr/5.4.0/avrxmega6/libgcc.a(_clear_bss.o)
 .text.libgcc.builtins
                0x0000000000000dbe        0x0 /usr/lib/gcc/avr/5.4.0/avrxmega6/libgcc.a(_clear_bss.o)
 .text.libgcc.fmul
                0x0000000000000dbe        0x0 /usr/lib/gcc/avr/5.4.0/avrxmega6/libgcc.a(_clear_bss.o)
 .text.libgcc.fixed
                0x0000000000000dbe        0x0 /usr/lib/gcc/avr/5.4.0/avrxmega6/libgcc.a(_clear_bss.o)
                0x0000000000000dbe                . = ALIGN (0x2)
 *(.fini9)
 .fini9         0x0000000000000dbe        0x0 /usr/lib/gcc/avr/5.4.0/avrxmega6/libgcc.a(_exit.o)
                0x0000000000000dbe                exit
                0x0000000000000dbe                _exit
 *(.fini9)
 *(.fini8)
 *(.fini8)
 *(.fini7)
 *(.fini7)
 *(.fini6)
 *(.fini6)
 *(.fini5)
 *(.fini5)
 *(.fini4)
 *(.fini4)
 *(.fini3)
 *(.fini3)
 *(.fini2)
 *(.fini2)
 *(.fini1)
 *(.fini1)
 *(.fini0)
 .fini0         0x0000000000000dbe        0x4 /usr/lib/gcc/avr/5.4.0/avrxmega6/libgcc.a(_exit.o)
 *(.fini0)
                0x0000000000000dc2                _etext = .

.data           0x0000000000802000      0x21c load address 0x0000000000000dc2
                0x0000000000802000                PROVIDE (__data_start, .)
 *(.data)
 .data          0x0000000000802000        0x0 /usr/lib/gcc/avr/5.4.0/../../../avr/lib/avrxmega6/crtatxmega128d3.o
 .data          0x0000000000802000        0x0 objdir-CWLITEXMEGA/simpleserial-aes.o
 .data          0x0000000000802000        0x0 objdir-CWLITEXMEGA/simpleserial.o
 .data          0x0000000000802000        0x0 objdir-CWLITEXMEGA/hal.o
 .data          0x0000000000802000        0x0 objdir-CWLITEXMEGA/XMEGA_AES_driver.o
 .data          0x0000000000802000        0x0 objdir-CWLITEXMEGA/uart.o
 .data          0x0000000000802000        0x0 objdir-CWLITEXMEGA/usart_driver.o
 .data          0x0000000000802000        0x0 objdir-CWLITEXMEGA/xmega_hal.o
 .data          0x0000000000802000      0x20b objdir-CWLITEXMEGA/aes.o
                0x0000000000802000                Rcon
                0x000000000080200b                rsbox
                0x000000000080210b                sbox
 .data          0x000000000080220b        0x0 objdir-CWLITEXMEGA/aes-independant.o
 .data          0x000000000080220b        0x0 /usr/lib/gcc/avr/5.4.0/avrxmega6/libgcc.a(_exit.o)
 .data          0x000000000080220b        0x0 /usr/lib/gcc/avr/5.4.0/avrxmega6/libgcc.a(_copy_data.o)
 .data          0x000000000080220b        0x0 /usr/lib/gcc/avr/5.4.0/avrxmega6/libgcc.a(_clear_bss.o)
 *(.data*)
 *(.gnu.linkonce.d*)
 *(.rodata)
 .rodata        0x000000000080220b       0x10 objdir-CWLITEXMEGA/simpleserial.o
 *(.rodata*)
 *(.gnu.linkonce.r*)
                0x000000000080221c                . = ALIGN (0x2)
 *fill*         0x000000000080221b        0x1 
                0x000000000080221c                _edata = .
                0x000000000080221c                PROVIDE (__data_end, .)

.bss            0x000000000080221c      0x1b6
                0x000000000080221c                PROVIDE (__bss_start, .)
 *(.bss)
 .bss           0x000000000080221c        0x0 /usr/lib/gcc/avr/5.4.0/../../../avr/lib/avrxmega6/crtatxmega128d3.o
 .bss           0x000000000080221c       0x20 objdir-CWLITEXMEGA/simpleserial-aes.o
 .bss           0x000000000080223c       0xc2 objdir-CWLITEXMEGA/simpleserial.o
 .bss           0x00000000008022fe        0x0 objdir-CWLITEXMEGA/hal.o
 .bss           0x00000000008022fe        0x0 objdir-CWLITEXMEGA/XMEGA_AES_driver.o
 .bss           0x00000000008022fe        0x0 objdir-CWLITEXMEGA/uart.o
 .bss           0x00000000008022fe        0x0 objdir-CWLITEXMEGA/usart_driver.o
 .bss           0x00000000008022fe        0x0 objdir-CWLITEXMEGA/xmega_hal.o
 .bss           0x00000000008022fe       0xc4 objdir-CWLITEXMEGA/aes.o
 .bss           0x00000000008023c2        0x0 objdir-CWLITEXMEGA/aes-independant.o
 .bss           0x00000000008023c2        0x0 /usr/lib/gcc/avr/5.4.0/avrxmega6/libgcc.a(_exit.o)
 .bss           0x00000000008023c2        0x0 /usr/lib/gcc/avr/5.4.0/avrxmega6/libgcc.a(_copy_data.o)
 .bss           0x00000000008023c2        0x0 /usr/lib/gcc/avr/5.4.0/avrxmega6/libgcc.a(_clear_bss.o)
 *(.bss*)
 *(COMMON)
 COMMON         0x00000000008023c2       0x10 objdir-CWLITEXMEGA/aes-independant.o
                0x00000000008023c2                enckey
                0x00000000008023d2                PROVIDE (__bss_end, .)
                0x0000000000000dc2                __data_load_start = LOADADDR (.data)
                0x0000000000000fde                __data_load_end = (__data_load_start + SIZEOF (.data))

.noinit         0x00000000008023d2        0x0
                [!provide]                        PROVIDE (__noinit_start, .)
 *(.noinit*)
                [!provide]                        PROVIDE (__noinit_end, .)
                0x00000000008023d2                _end = .
                [!provide]                        PROVIDE (__heap_start, .)

.eeprom         0x0000000000810000        0x0
 *(.eeprom*)
                0x0000000000810000                __eeprom_end = .

.fuse
 *(.fuse)
 *(.lfuse)
 *(.hfuse)
 *(.efuse)

.lock
 *(.lock*)

.signature
 *(.signature*)

.user_signatures
 *(.user_signatures*)

.stab
 *(.stab)

.stabstr
 *(.stabstr)

.stab.excl
 *(.stab.excl)

.stab.exclstr
 *(.stab.exclstr)

.stab.index
 *(.stab.index)

.stab.indexstr
 *(.stab.indexstr)

.comment        0x0000000000000000       0x11
 *(.comment)
 .comment       0x0000000000000000       0x11 objdir-CWLITEXMEGA/simpleserial-aes.o
                                         0x12 (size before relaxing)
 .comment       0x0000000000000011       0x12 objdir-CWLITEXMEGA/simpleserial.o
 .comment       0x0000000000000011       0x12 objdir-CWLITEXMEGA/hal.o
 .comment       0x0000000000000011       0x12 objdir-CWLITEXMEGA/XMEGA_AES_driver.o
 .comment       0x0000000000000011       0x12 objdir-CWLITEXMEGA/uart.o
 .comment       0x0000000000000011       0x12 objdir-CWLITEXMEGA/usart_driver.o
 .comment       0x0000000000000011       0x12 objdir-CWLITEXMEGA/xmega_hal.o
 .comment       0x0000000000000011       0x12 objdir-CWLITEXMEGA/aes.o
 .comment       0x0000000000000011       0x12 objdir-CWLITEXMEGA/aes-independant.o

.note.gnu.avr.deviceinfo
                0x0000000000000000       0x40
 .note.gnu.avr.deviceinfo
                0x0000000000000000       0x40 /usr/lib/gcc/avr/5.4.0/../../../avr/lib/avrxmega6/crtatxmega128d3.o

.note.gnu.build-id
 *(.note.gnu.build-id)

.debug
 *(.debug)

.line
 *(.line)

.debug_srcinfo
 *(.debug_srcinfo)

.debug_sfnames
 *(.debug_sfnames)

.debug_aranges  0x0000000000000000      0x108
 *(.debug_aranges)
 .debug_aranges
                0x0000000000000000       0x28 objdir-CWLITEXMEGA/simpleserial-aes.o
 .debug_aranges
                0x0000000000000028       0x20 objdir-CWLITEXMEGA/simpleserial.o
 .debug_aranges
                0x0000000000000048       0x20 objdir-CWLITEXMEGA/hal.o
 .debug_aranges
                0x0000000000000068       0x20 objdir-CWLITEXMEGA/uart.o
 .debug_aranges
                0x0000000000000088       0x20 objdir-CWLITEXMEGA/usart_driver.o
 .debug_aranges
                0x00000000000000a8       0x20 objdir-CWLITEXMEGA/xmega_hal.o
 .debug_aranges
                0x00000000000000c8       0x20 objdir-CWLITEXMEGA/aes.o
 .debug_aranges
                0x00000000000000e8       0x20 objdir-CWLITEXMEGA/aes-independant.o

.debug_pubnames
 *(.debug_pubnames)

.debug_info     0x0000000000000000     0x4487
 *(.debug_info .gnu.linkonce.wi.*)
 .debug_info    0x0000000000000000     0x2168 /usr/lib/gcc/avr/5.4.0/../../../avr/lib/avrxmega6/crtatxmega128d3.o
 .debug_info    0x0000000000002168      0x4ef objdir-CWLITEXMEGA/simpleserial-aes.o
 .debug_info    0x0000000000002657      0x7d3 objdir-CWLITEXMEGA/simpleserial.o
 .debug_info    0x0000000000002e2a       0x9e objdir-CWLITEXMEGA/hal.o
 .debug_info    0x0000000000002ec8      0x39c objdir-CWLITEXMEGA/uart.o
 .debug_info    0x0000000000003264      0x584 objdir-CWLITEXMEGA/usart_driver.o
 .debug_info    0x00000000000037e8      0x1cc objdir-CWLITEXMEGA/xmega_hal.o
 .debug_info    0x00000000000039b4      0x916 objdir-CWLITEXMEGA/aes.o
 .debug_info    0x00000000000042ca      0x1bd objdir-CWLITEXMEGA/aes-independant.o

.debug_abbrev   0x0000000000000000     0x2c0e
 *(.debug_abbrev)
 .debug_abbrev  0x0000000000000000     0x1fa2 /usr/lib/gcc/avr/5.4.0/../../../avr/lib/avrxmega6/crtatxmega128d3.o
 .debug_abbrev  0x0000000000001fa2      0x190 objdir-CWLITEXMEGA/simpleserial-aes.o
 .debug_abbrev  0x0000000000002132      0x2bb objdir-CWLITEXMEGA/simpleserial.o
 .debug_abbrev  0x00000000000023ed       0x63 objdir-CWLITEXMEGA/hal.o
 .debug_abbrev  0x0000000000002450      0x12e objdir-CWLITEXMEGA/uart.o
 .debug_abbrev  0x000000000000257e      0x22c objdir-CWLITEXMEGA/usart_driver.o
 .debug_abbrev  0x00000000000027aa       0x9b objdir-CWLITEXMEGA/xmega_hal.o
 .debug_abbrev  0x0000000000002845      0x2af objdir-CWLITEXMEGA/aes.o
 .debug_abbrev  0x0000000000002af4      0x11a objdir-CWLITEXMEGA/aes-independant.o

.debug_line     0x0000000000000000      0xe01
 *(.debug_line .debug_line.* .debug_line_end)
 .debug_line    0x0000000000000000       0x1a /usr/lib/gcc/avr/5.4.0/../../../avr/lib/avrxmega6/crtatxmega128d3.o
 .debug_line    0x000000000000001a      0x198 objdir-CWLITEXMEGA/simpleserial-aes.o
 .debug_line    0x00000000000001b2      0x324 objdir-CWLITEXMEGA/simpleserial.o
 .debug_line    0x00000000000004d6       0x3c objdir-CWLITEXMEGA/hal.o
 .debug_line    0x0000000000000512        0x0 objdir-CWLITEXMEGA/XMEGA_AES_driver.o
 .debug_line    0x0000000000000512      0x114 objdir-CWLITEXMEGA/uart.o
 .debug_line    0x0000000000000626      0x221 objdir-CWLITEXMEGA/usart_driver.o
 .debug_line    0x0000000000000847       0xbf objdir-CWLITEXMEGA/xmega_hal.o
 .debug_line    0x0000000000000906      0x447 objdir-CWLITEXMEGA/aes.o
 .debug_line    0x0000000000000d4d       0xb4 objdir-CWLITEXMEGA/aes-independant.o

.debug_frame    0x0000000000000000      0x5b0
 *(.debug_frame)
 .debug_frame   0x0000000000000000       0x5c objdir-CWLITEXMEGA/simpleserial-aes.o
 .debug_frame   0x000000000000005c      0x150 objdir-CWLITEXMEGA/simpleserial.o
 .debug_frame   0x00000000000001ac       0x34 objdir-CWLITEXMEGA/hal.o
 .debug_frame   0x00000000000001e0       0x68 objdir-CWLITEXMEGA/uart.o
 .debug_frame   0x0000000000000248       0xd4 objdir-CWLITEXMEGA/usart_driver.o
 .debug_frame   0x000000000000031c       0x24 objdir-CWLITEXMEGA/xmega_hal.o
 .debug_frame   0x0000000000000340      0x1fc objdir-CWLITEXMEGA/aes.o
 .debug_frame   0x000000000000053c       0x74 objdir-CWLITEXMEGA/aes-independant.o

.debug_str      0x0000000000000000     0x207b
 *(.debug_str)
 .debug_str     0x0000000000000000     0x1641 /usr/lib/gcc/avr/5.4.0/../../../avr/lib/avrxmega6/crtatxmega128d3.o
 .debug_str     0x0000000000001641      0x29a objdir-CWLITEXMEGA/simpleserial-aes.o
                                        0x2ce (size before relaxing)
 .debug_str     0x00000000000018db       0xf1 objdir-CWLITEXMEGA/simpleserial.o
                                        0x2a5 (size before relaxing)
 .debug_str     0x00000000000019cc       0x20 objdir-CWLITEXMEGA/hal.o
                                        0x163 (size before relaxing)
 .debug_str     0x00000000000019ec       0x23 objdir-CWLITEXMEGA/XMEGA_AES_driver.o
                                         0xf6 (size before relaxing)
 .debug_str     0x0000000000001a0f      0x158 objdir-CWLITEXMEGA/uart.o
                                        0x3b1 (size before relaxing)
 .debug_str     0x0000000000001b67      0x25e objdir-CWLITEXMEGA/usart_driver.o
                                        0x450 (size before relaxing)
 .debug_str     0x0000000000001dc5      0x123 objdir-CWLITEXMEGA/xmega_hal.o
                                        0x294 (size before relaxing)
 .debug_str     0x0000000000001ee8      0x11a objdir-CWLITEXMEGA/aes.o
                                        0x2b2 (size before relaxing)
 .debug_str     0x0000000000002002       0x79 objdir-CWLITEXMEGA/aes-independant.o
                                        0x1f2 (size before relaxing)

.debug_loc      0x0000000000000000     0x15d6
 *(.debug_loc)
 .debug_loc     0x0000000000000000      0x1a3 objdir-CWLITEXMEGA/simpleserial-aes.o
 .debug_loc     0x00000000000001a3      0x6d0 objdir-CWLITEXMEGA/simpleserial.o
 .debug_loc     0x0000000000000873       0xc2 objdir-CWLITEXMEGA/uart.o
 .debug_loc     0x0000000000000935      0x385 objdir-CWLITEXMEGA/usart_driver.o
 .debug_loc     0x0000000000000cba      0x8d0 objdir-CWLITEXMEGA/aes.o
 .debug_loc     0x000000000000158a       0x4c objdir-CWLITEXMEGA/aes-independant.o

.debug_macinfo
 *(.debug_macinfo)

.debug_weaknames
 *(.debug_weaknames)

.debug_funcnames
 *(.debug_funcnames)

.debug_typenames
 *(.debug_typenames)

.debug_varnames
 *(.debug_varnames)

.debug_pubtypes
 *(.debug_pubtypes)

.debug_ranges   0x0000000000000000       0x48
 *(.debug_ranges)
 .debug_ranges  0x0000000000000000       0x18 objdir-CWLITEXMEGA/simpleserial-aes.o
 .debug_ranges  0x0000000000000018       0x18 objdir-CWLITEXMEGA/simpleserial.o
 .debug_ranges  0x0000000000000030       0x18 objdir-CWLITEXMEGA/aes.o

.debug_macro
 *(.debug_macro)
OUTPUT(simpleserial-aes-CWLITEXMEGA.elf elf32-avr)
LOAD linker stubs

Cross Reference Table

Symbol                                            File
AES128_ECB_decrypt                                objdir-CWLITEXMEGA/aes.o
AES128_ECB_encrypt                                objdir-CWLITEXMEGA/aes.o
                                                  objdir-CWLITEXMEGA/simpleserial-aes.o
AES128_ECB_indp_crypto                            objdir-CWLITEXMEGA/aes.o
                                                  objdir-CWLITEXMEGA/aes-independant.o
AES128_ECB_indp_setkey                            objdir-CWLITEXMEGA/aes.o
                                                  objdir-CWLITEXMEGA/aes-independant.o
Rcon                                              objdir-CWLITEXMEGA/aes.o
USART_DataRegEmpty                                objdir-CWLITEXMEGA/usart_driver.o
USART_InterruptDriver_DreInterruptLevel_Set       objdir-CWLITEXMEGA/usart_driver.o
USART_InterruptDriver_Initialize                  objdir-CWLITEXMEGA/usart_driver.o
USART_NineBits_GetChar                            objdir-CWLITEXMEGA/usart_driver.o
USART_NineBits_PutChar                            objdir-CWLITEXMEGA/usart_driver.o
USART_RXBufferData_Available                      objdir-CWLITEXMEGA/usart_driver.o
USART_RXBuffer_GetByte                            objdir-CWLITEXMEGA/usart_driver.o
USART_RXComplete                                  objdir-CWLITEXMEGA/usart_driver.o
USART_TXBuffer_FreeSpace                          objdir-CWLITEXMEGA/usart_driver.o
USART_TXBuffer_PutByte                            objdir-CWLITEXMEGA/usart_driver.o
__DATA_REGION_LENGTH__                            /usr/lib/gcc/avr/5.4.0/../../../avr/lib/avrxmega6/crtatxmega128d3.o
__DATA_REGION_ORIGIN__                            /usr/lib/gcc/avr/5.4.0/../../../avr/lib/avrxmega6/crtatxmega128d3.o
__EEPROM_REGION_LENGTH__                          /usr/lib/gcc/avr/5.4.0/../../../avr/lib/avrxmega6/crtatxmega128d3.o
__FUSE_REGION_LENGTH__                            /usr/lib/gcc/avr/5.4.0/../../../avr/lib/avrxmega6/crtatxmega128d3.o
__TEXT_REGION_LENGTH__                            /usr/lib/gcc/avr/5.4.0/../../../avr/lib/avrxmega6/crtatxmega128d3.o
__TEXT_REGION_ORIGIN__                            /usr/lib/gcc/avr/5.4.0/../../../avr/lib/avrxmega6/crtatxmega128d3.o
__bad_interrupt                                   /usr/lib/gcc/avr/5.4.0/../../../avr/lib/avrxmega6/crtatxmega128d3.o
__bss_end                                         /usr/lib/gcc/avr/5.4.0/avrxmega6/libgcc.a(_clear_bss.o)
__bss_start                                       /usr/lib/gcc/avr/5.4.0/avrxmega6/libgcc.a(_clear_bss.o)
__data_end                                        /usr/lib/gcc/avr/5.4.0/avrxmega6/libgcc.a(_copy_data.o)
__data_load_start                                 /usr/lib/gcc/avr/5.4.0/avrxmega6/libgcc.a(_copy_data.o)
__data_start                                      /usr/lib/gcc/avr/5.4.0/avrxmega6/libgcc.a(_copy_data.o)
__do_clear_bss                                    /usr/lib/gcc/avr/5.4.0/avrxmega6/libgcc.a(_clear_bss.o)
                                                  objdir-CWLITEXMEGA/aes-independant.o
                                                  objdir-CWLITEXMEGA/aes.o
                                                  objdir-CWLITEXMEGA/simpleserial.o
                                                  objdir-CWLITEXMEGA/simpleserial-aes.o
__do_copy_data                                    /usr/lib/gcc/avr/5.4.0/avrxmega6/libgcc.a(_copy_data.o)
                                                  objdir-CWLITEXMEGA/aes.o
                                                  objdir-CWLITEXMEGA/simpleserial.o
__heap_end                                        /usr/lib/gcc/avr/5.4.0/../../../avr/lib/avrxmega6/crtatxmega128d3.o
__init                                            /usr/lib/gcc/avr/5.4.0/../../../avr/lib/avrxmega6/crtatxmega128d3.o
__stack                                           /usr/lib/gcc/avr/5.4.0/../../../avr/lib/avrxmega6/crtatxmega128d3.o
__vector_1                                        /usr/lib/gcc/avr/5.4.0/../../../avr/lib/avrxmega6/crtatxmega128d3.o
__vector_10                                       /usr/lib/gcc/avr/5.4.0/../../../avr/lib/avrxmega6/crtatxmega128d3.o
__vector_100                                      /usr/lib/gcc/avr/5.4.0/../../../avr/lib/avrxmega6/crtatxmega128d3.o
__vector_101                                      /usr/lib/gcc/avr/5.4.0/../../../avr/lib/avrxmega6/crtatxmega128d3.o
__vector_102                                      /usr/lib/gcc/avr/5.4.0/../../../avr/lib/avrxmega6/crtatxmega128d3.o
__vector_103                                      /usr/lib/gcc/avr/5.4.0/../../../avr/lib/avrxmega6/crtatxmega128d3.o
__vector_104                                      /usr/lib/gcc/avr/5.4.0/../../../avr/lib/avrxmega6/crtatxmega128d3.o
__vector_105                                      /usr/lib/gcc/avr/5.4.0/../../../avr/lib/avrxmega6/crtatxmega128d3.o
__vector_106                                      /usr/lib/gcc/avr/5.4.0/../../../avr/lib/avrxmega6/crtatxmega128d3.o
__vector_107                                      /usr/lib/gcc/avr/5.4.0/../../../avr/lib/avrxmega6/crtatxmega128d3.o
__vector_108                                      /usr/lib/gcc/avr/5.4.0/../../../avr/lib/avrxmega6/crtatxmega128d3.o
__vector_109                                      /usr/lib/gcc/avr/5.4.0/../../../avr/lib/avrxmega6/crtatxmega128d3.o
__vector_11                                       /usr/lib/gcc/avr/5.4.0/../../../avr/lib/avrxmega6/crtatxmega128d3.o
__vector_110                                      /usr/lib/gcc/avr/5.4.0/../../../avr/lib/avrxmega6/crtatxmega128d3.o
__vector_111                                      /usr/lib/gcc/avr/5.4.0/../../../avr/lib/avrxmega6/crtatxmega128d3.o
__vector_112                                      /usr/lib/gcc/avr/5.4.0/../../../avr/lib/avrxmega6/crtatxmega128d3.o
__vector_113                                      /usr/lib/gcc/avr/5.4.0/../../../avr/lib/avrxmega6/crtatxmega128d3.o
__vector_12                                       /usr/lib/gcc/avr/5.4.0/../../../avr/lib/avrxmega6/crtatxmega128d3.o
__vector_13                                       /usr/lib/gcc/avr/5.4.0/../../../avr/lib/avrxmega6/crtatxmega128d3.o
__vector_14                                       /usr/lib/gcc/avr/5.4.0/../../../avr/lib/avrxmega6/crtatxmega128d3.o
__vector_15                                       /usr/lib/gcc/avr/5.4.0/../../../avr/lib/avrxmega6/crtatxmega128d3.o
__vector_16                                       /usr/lib/gcc/avr/5.4.0/../../../avr/lib/avrxmega6/crtatxmega128d3.o
__vector_17                                       /usr/lib/gcc/avr/5.4.0/../../../avr/lib/avrxmega6/crtatxmega128d3.o
__vector_18                                       /usr/lib/gcc/avr/5.4.0/../../../avr/lib/avrxmega6/crtatxmega128d3.o
__vector_19                                       /usr/lib/gcc/avr/5.4.0/../../../avr/lib/avrxmega6/crtatxmega128d3.o
__vector_2                                        /usr/lib/gcc/avr/5.4.0/../../../avr/lib/avrxmega6/crtatxmega128d3.o
__vector_20                                       /usr/lib/gcc/avr/5.4.0/../../../avr/lib/avrxmega6/crtatxmega128d3.o
__vector_21                                       /usr/lib/gcc/avr/5.4.0/../../../avr/lib/avrxmega6/crtatxmega128d3.o
__vector_22                                       /usr/lib/gcc/avr/5.4.0/../../../avr/lib/avrxmega6/crtatxmega128d3.o
__vector_23                                       /usr/lib/gcc/avr/5.4.0/../../../avr/lib/avrxmega6/crtatxmega128d3.o
__vector_24                                       /usr/lib/gcc/avr/5.4.0/../../../avr/lib/avrxmega6/crtatxmega128d3.o
__vector_25                                       /usr/lib/gcc/avr/5.4.0/../../../avr/lib/avrxmega6/crtatxmega128d3.o
__vector_26                                       /usr/lib/gcc/avr/5.4.0/../../../avr/lib/avrxmega6/crtatxmega128d3.o
__vector_27                                       /usr/lib/gcc/avr/5.4.0/../../../avr/lib/avrxmega6/crtatxmega128d3.o
__vector_28                                       /usr/lib/gcc/avr/5.4.0/../../../avr/lib/avrxmega6/crtatxmega128d3.o
__vector_29                                       /usr/lib/gcc/avr/5.4.0/../../../avr/lib/avrxmega6/crtatxmega128d3.o
__vector_3                                        /usr/lib/gcc/avr/5.4.0/../../../avr/lib/avrxmega6/crtatxmega128d3.o
__vector_30                                       /usr/lib/gcc/avr/5.4.0/../../../avr/lib/avrxmega6/crtatxmega128d3.o
__vector_31                                       /usr/lib/gcc/avr/5.4.0/../../../avr/lib/avrxmega6/crtatxmega128d3.o
__vector_32                                       /usr/lib/gcc/avr/5.4.0/../../../avr/lib/avrxmega6/crtatxmega128d3.o
__vector_33                                       /usr/lib/gcc/avr/5.4.0/../../../avr/lib/avrxmega6/crtatxmega128d3.o
__vector_34                                       /usr/lib/gcc/avr/5.4.0/../../../avr/lib/avrxmega6/crtatxmega128d3.o
__vector_35                                       /usr/lib/gcc/avr/5.4.0/../../../avr/lib/avrxmega6/crtatxmega128d3.o
__vector_36                                       /usr/lib/gcc/avr/5.4.0/../../../avr/lib/avrxmega6/crtatxmega128d3.o
__vector_37                                       /usr/lib/gcc/avr/5.4.0/../../../avr/lib/avrxmega6/crtatxmega128d3.o
__vector_38                                       /usr/lib/gcc/avr/5.4.0/../../../avr/lib/avrxmega6/crtatxmega128d3.o
__vector_39                                       /usr/lib/gcc/avr/5.4.0/../../../avr/lib/avrxmega6/crtatxmega128d3.o
__vector_4                                        /usr/lib/gcc/avr/5.4.0/../../../avr/lib/avrxmega6/crtatxmega128d3.o
__vector_40                                       /usr/lib/gcc/avr/5.4.0/../../../avr/lib/avrxmega6/crtatxmega128d3.o
__vector_41                                       /usr/lib/gcc/avr/5.4.0/../../../avr/lib/avrxmega6/crtatxmega128d3.o
__vector_42                                       /usr/lib/gcc/avr/5.4.0/../../../avr/lib/avrxmega6/crtatxmega128d3.o
__vector_43                                       /usr/lib/gcc/avr/5.4.0/../../../avr/lib/avrxmega6/crtatxmega128d3.o
__vector_44                                       /usr/lib/gcc/avr/5.4.0/../../../avr/lib/avrxmega6/crtatxmega128d3.o
__vector_45                                       /usr/lib/gcc/avr/5.4.0/../../../avr/lib/avrxmega6/crtatxmega128d3.o
__vector_46                                       /usr/lib/gcc/avr/5.4.0/../../../avr/lib/avrxmega6/crtatxmega128d3.o
__vector_47                                       /usr/lib/gcc/avr/5.4.0/../../../avr/lib/avrxmega6/crtatxmega128d3.o
__vector_48                                       /usr/lib/gcc/avr/5.4.0/../../../avr/lib/avrxmega6/crtatxmega128d3.o
__vector_49                                       /usr/lib/gcc/avr/5.4.0/../../../avr/lib/avrxmega6/crtatxmega128d3.o
__vector_5                                        /usr/lib/gcc/avr/5.4.0/../../../avr/lib/avrxmega6/crtatxmega128d3.o
__vector_50                                       /usr/lib/gcc/avr/5.4.0/../../../avr/lib/avrxmega6/crtatxmega128d3.o
__vector_51                                       /usr/lib/gcc/avr/5.4.0/../../../avr/lib/avrxmega6/crtatxmega128d3.o
__vector_52                                       /usr/lib/gcc/avr/5.4.0/../../../avr/lib/avrxmega6/crtatxmega128d3.o
__vector_53                                       /usr/lib/gcc/avr/5.4.0/../../../avr/lib/avrxmega6/crtatxmega128d3.o
__vector_54                                       /usr/lib/gcc/avr/5.4.0/../../../avr/lib/avrxmega6/crtatxmega128d3.o
__vector_55                                       /usr/lib/gcc/avr/5.4.0/../../../avr/lib/avrxmega6/crtatxmega128d3.o
__vector_56                                       /usr/lib/gcc/avr/5.4.0/../../../avr/lib/avrxmega6/crtatxmega128d3.o
__vector_57                                       /usr/lib/gcc/avr/5.4.0/../../../avr/lib/avrxmega6/crtatxmega128d3.o
__vector_58                                       /usr/lib/gcc/avr/5.4.0/../../../avr/lib/avrxmega6/crtatxmega128d3.o
__vector_59                                       /usr/lib/gcc/avr/5.4.0/../../../avr/lib/avrxmega6/crtatxmega128d3.o
__vector_6                                        /usr/lib/gcc/avr/5.4.0/../../../avr/lib/avrxmega6/crtatxmega128d3.o
__vector_60                                       /usr/lib/gcc/avr/5.4.0/../../../avr/lib/avrxmega6/crtatxmega128d3.o
__vector_61                                       /usr/lib/gcc/avr/5.4.0/../../../avr/lib/avrxmega6/crtatxmega128d3.o
__vector_62                                       /usr/lib/gcc/avr/5.4.0/../../../avr/lib/avrxmega6/crtatxmega128d3.o
__vector_63                                       /usr/lib/gcc/avr/5.4.0/../../../avr/lib/avrxmega6/crtatxmega128d3.o
__vector_64                                       /usr/lib/gcc/avr/5.4.0/../../../avr/lib/avrxmega6/crtatxmega128d3.o
__vector_65                                       /usr/lib/gcc/avr/5.4.0/../../../avr/lib/avrxmega6/crtatxmega128d3.o
__vector_66                                       /usr/lib/gcc/avr/5.4.0/../../../avr/lib/avrxmega6/crtatxmega128d3.o
__vector_67                                       /usr/lib/gcc/avr/5.4.0/../../../avr/lib/avrxmega6/crtatxmega128d3.o
__vector_68                                       /usr/lib/gcc/avr/5.4.0/../../../avr/lib/avrxmega6/crtatxmega128d3.o
__vector_69                                       /usr/lib/gcc/avr/5.4.0/../../../avr/lib/avrxmega6/crtatxmega128d3.o
__vector_7                                        /usr/lib/gcc/avr/5.4.0/../../../avr/lib/avrxmega6/crtatxmega128d3.o
__vector_70                                       /usr/lib/gcc/avr/5.4.0/../../../avr/lib/avrxmega6/crtatxmega128d3.o
__vector_71                                       /usr/lib/gcc/avr/5.4.0/../../../avr/lib/avrxmega6/crtatxmega128d3.o
__vector_72                                       /usr/lib/gcc/avr/5.4.0/../../../avr/lib/avrxmega6/crtatxmega128d3.o
__vector_73                                       /usr/lib/gcc/avr/5.4.0/../../../avr/lib/avrxmega6/crtatxmega128d3.o
__vector_74                                       /usr/lib/gcc/avr/5.4.0/../../../avr/lib/avrxmega6/crtatxmega128d3.o
__vector_75                                       /usr/lib/gcc/avr/5.4.0/../../../avr/lib/avrxmega6/crtatxmega128d3.o
__vector_76                                       /usr/lib/gcc/avr/5.4.0/../../../avr/lib/avrxmega6/crtatxmega128d3.o
__vector_77                                       /usr/lib/gcc/avr/5.4.0/../../../avr/lib/avrxmega6/crtatxmega128d3.o
__vector_78                                       /usr/lib/gcc/avr/5.4.0/../../../avr/lib/avrxmega6/crtatxmega128d3.o
__vector_79                                       /usr/lib/gcc/avr/5.4.0/../../../avr/lib/avrxmega6/crtatxmega128d3.o
__vector_8                                        /usr/lib/gcc/avr/5.4.0/../../../avr/lib/avrxmega6/crtatxmega128d3.o
__vector_80                                       /usr/lib/gcc/avr/5.4.0/../../../avr/lib/avrxmega6/crtatxmega128d3.o
__vector_81                                       /usr/lib/gcc/avr/5.4.0/../../../avr/lib/avrxmega6/crtatxmega128d3.o
__vector_82                                       /usr/lib/gcc/avr/5.4.0/../../../avr/lib/avrxmega6/crtatxmega128d3.o
__vector_83                                       /usr/lib/gcc/avr/5.4.0/../../../avr/lib/avrxmega6/crtatxmega128d3.o
__vector_84                                       /usr/lib/gcc/avr/5.4.0/../../../avr/lib/avrxmega6/crtatxmega128d3.o
__vector_85                                       /usr/lib/gcc/avr/5.4.0/../../../avr/lib/avrxmega6/crtatxmega128d3.o
__vector_86                                       /usr/lib/gcc/avr/5.4.0/../../../avr/lib/avrxmega6/crtatxmega128d3.o
__vector_87                                       /usr/lib/gcc/avr/5.4.0/../../../avr/lib/avrxmega6/crtatxmega128d3.o
__vector_88                                       /usr/lib/gcc/avr/5.4.0/../../../avr/lib/avrxmega6/crtatxmega128d3.o
__vector_89                                       /usr/lib/gcc/avr/5.4.0/../../../avr/lib/avrxmega6/crtatxmega128d3.o
__vector_9                                        /usr/lib/gcc/avr/5.4.0/../../../avr/lib/avrxmega6/crtatxmega128d3.o
__vector_90                                       /usr/lib/gcc/avr/5.4.0/../../../avr/lib/avrxmega6/crtatxmega128d3.o
__vector_91                                       /usr/lib/gcc/avr/5.4.0/../../../avr/lib/avrxmega6/crtatxmega128d3.o
__vector_92                                       /usr/lib/gcc/avr/5.4.0/../../../avr/lib/avrxmega6/crtatxmega128d3.o
__vector_93                                       /usr/lib/gcc/avr/5.4.0/../../../avr/lib/avrxmega6/crtatxmega128d3.o
__vector_94                                       /usr/lib/gcc/avr/5.4.0/../../../avr/lib/avrxmega6/crtatxmega128d3.o
__vector_95                                       /usr/lib/gcc/avr/5.4.0/../../../avr/lib/avrxmega6/crtatxmega128d3.o
__vector_96                                       /usr/lib/gcc/avr/5.4.0/../../../avr/lib/avrxmega6/crtatxmega128d3.o
__vector_97                                       /usr/lib/gcc/avr/5.4.0/../../../avr/lib/avrxmega6/crtatxmega128d3.o
__vector_98                                       /usr/lib/gcc/avr/5.4.0/../../../avr/lib/avrxmega6/crtatxmega128d3.o
__vector_99                                       /usr/lib/gcc/avr/5.4.0/../../../avr/lib/avrxmega6/crtatxmega128d3.o
__vector_default                                  /usr/lib/gcc/avr/5.4.0/../../../avr/lib/avrxmega6/crtatxmega128d3.o
__vectors                                         /usr/lib/gcc/avr/5.4.0/../../../avr/lib/avrxmega6/crtatxmega128d3.o
_exit                                             /usr/lib/gcc/avr/5.4.0/avrxmega6/libgcc.a(_exit.o)
aes_indep_enc                                     objdir-CWLITEXMEGA/aes-independant.o
aes_indep_enc_posttrigger                         objdir-CWLITEXMEGA/aes-independant.o
aes_indep_enc_pretrigger                          objdir-CWLITEXMEGA/aes-independant.o
aes_indep_init                                    objdir-CWLITEXMEGA/aes-independant.o
aes_indep_key                                     objdir-CWLITEXMEGA/aes-independant.o
aes_indep_mask                                    objdir-CWLITEXMEGA/aes-independant.o
check_version                                     objdir-CWLITEXMEGA/simpleserial.o
enckey                                            objdir-CWLITEXMEGA/aes-independant.o
exit                                              /usr/lib/gcc/avr/5.4.0/avrxmega6/libgcc.a(_exit.o)
                                                  /usr/lib/gcc/avr/5.4.0/../../../avr/lib/avrxmega6/crtatxmega128d3.o
handle_echo                                       objdir-CWLITEXMEGA/simpleserial-aes.o
handle_key                                        objdir-CWLITEXMEGA/simpleserial-aes.o
handle_pt                                         objdir-CWLITEXMEGA/simpleserial-aes.o
hex_decode                                        objdir-CWLITEXMEGA/simpleserial.o
init_uart0                                        objdir-CWLITEXMEGA/uart.o
                                                  objdir-CWLITEXMEGA/simpleserial-aes.o
input_ch_0                                        objdir-CWLITEXMEGA/uart.o
                                                  objdir-CWLITEXMEGA/simpleserial.o
input_ch_w_timeout_0                              objdir-CWLITEXMEGA/uart.o
led_error                                         objdir-CWLITEXMEGA/hal.o
led_ok                                            objdir-CWLITEXMEGA/hal.o
main                                              objdir-CWLITEXMEGA/simpleserial-aes.o
                                                  /usr/lib/gcc/avr/5.4.0/../../../avr/lib/avrxmega6/crtatxmega128d3.o
output_ch_0                                       objdir-CWLITEXMEGA/uart.o
                                                  objdir-CWLITEXMEGA/simpleserial.o
platform_init                                     objdir-CWLITEXMEGA/xmega_hal.o
                                                  objdir-CWLITEXMEGA/simpleserial-aes.o
rsbox                                             objdir-CWLITEXMEGA/aes.o
sbox                                              objdir-CWLITEXMEGA/aes.o
simpleserial_addcmd                               objdir-CWLITEXMEGA/simpleserial.o
                                                  objdir-CWLITEXMEGA/simpleserial-aes.o
simpleserial_addcmd_flags                         objdir-CWLITEXMEGA/simpleserial.o
simpleserial_get                                  objdir-CWLITEXMEGA/simpleserial.o
                                                  objdir-CWLITEXMEGA/simpleserial-aes.o
simpleserial_init                                 objdir-CWLITEXMEGA/simpleserial.o
                                                  objdir-CWLITEXMEGA/simpleserial-aes.o
simpleserial_put                                  objdir-CWLITEXMEGA/simpleserial.o
                                                  objdir-CWLITEXMEGA/simpleserial-aes.o
ss_crc                                            objdir-CWLITEXMEGA/simpleserial.o
ss_get_commands                                   objdir-CWLITEXMEGA/simpleserial.o
ss_num_commands                                   objdir-CWLITEXMEGA/simpleserial.o
