../Drivers/CMSIS/Include/core_cm7.h:2229:22:SCB_EnableICache	4	static,ignoring_inline_asm
../Drivers/CMSIS/Include/core_cm7.h:2281:22:SCB_EnableDCache	24	static,ignoring_inline_asm
../Core/Src/main.c:134:5:main	280	static
../Core/Src/main.c:318:6:SystemClock_Config	88	static
../Core/Src/main.c:365:13:MX_CRYP_Init	8	static
../Core/Src/main.c:396:13:MX_HASH_Init	8	static
../Core/Src/main.c:422:13:MX_RNG_Init	8	static
../Core/Src/main.c:448:13:MX_USART2_UART_Init	8	static
../Core/Src/main.c:483:13:MX_GPIO_Init	56	static
../Core/Src/main.c:600:6:buffer_to_bool_array	32	static
../Core/Src/main.c:606:6:uint8_to_bool_array	24	static
../Core/Src/main.c:613:6:uint64_to_uint8_array	40	static
../Core/Src/main.c:619:6:block_to_uint8_array	48	static
../Core/Src/main.c:629:6:random_block_tommyVer	120	dynamic
../Core/Src/main.c:649:6:mitccrh_rk	144	static
../Core/Src/main.c:672:6:mitccrh_hash	344	static
../Core/Src/main.c:798:10:reverse_bytes	24	static
../Core/Src/main.c:806:10:reverse_bytes_for_key	16	static
../Core/Src/main.c:814:6:uint64_to_uint32_array	40	static
../Core/Src/main.c:820:10:uint32_array_to_uint64	56	static
../Core/Src/main.c:837:6:random_data_tommyVer	40	static
../Core/Src/main.c:847:11:pack_128_bits_into_int64x2_t	40	static
../Core/Src/main.c:860:10:Convert_to_double_word	48	static
../Core/Src/main.c:871:6:xorBlocks_arr	48	static
../Core/Src/main.c:882:6:HAL_UART_RxCpltCallback	16	static
../Core/Src/main.c:1060:6:HAL_UART_TxCpltCallback	16	static
../Core/Src/main.c:1084:6:Error_Handler	4	static,ignoring_inline_asm
