Archive member included to satisfy reference by file (symbol)

/opt/st/stm32cubeide_1.15.1/plugins/com.st.stm32cube.ide.mcu.externaltools.gnu-tools-for-stm32.12.3.rel1.linux64_1.0.100.202403111256/tools/bin/../lib/gcc/arm-none-eabi/12.3.1/../../../../arm-none-eabi/lib/thumb/v7e-m+fp/hard/libc_nano.a(libc_a-exit.o)
                              /opt/st/stm32cubeide_1.15.1/plugins/com.st.stm32cube.ide.mcu.externaltools.gnu-tools-for-stm32.12.3.rel1.linux64_1.0.100.202403111256/tools/bin/../lib/gcc/arm-none-eabi/12.3.1/../../../../arm-none-eabi/lib/thumb/v7e-m+fp/hard/crt0.o (exit)
/opt/st/stm32cubeide_1.15.1/plugins/com.st.stm32cube.ide.mcu.externaltools.gnu-tools-for-stm32.12.3.rel1.linux64_1.0.100.202403111256/tools/bin/../lib/gcc/arm-none-eabi/12.3.1/../../../../arm-none-eabi/lib/thumb/v7e-m+fp/hard/libc_nano.a(libc_a-findfp.o)
                              /opt/st/stm32cubeide_1.15.1/plugins/com.st.stm32cube.ide.mcu.externaltools.gnu-tools-for-stm32.12.3.rel1.linux64_1.0.100.202403111256/tools/bin/../lib/gcc/arm-none-eabi/12.3.1/../../../../arm-none-eabi/lib/thumb/v7e-m+fp/hard/libc_nano.a(libc_a-exit.o) (__stdio_exit_handler)
/opt/st/stm32cubeide_1.15.1/plugins/com.st.stm32cube.ide.mcu.externaltools.gnu-tools-for-stm32.12.3.rel1.linux64_1.0.100.202403111256/tools/bin/../lib/gcc/arm-none-eabi/12.3.1/../../../../arm-none-eabi/lib/thumb/v7e-m+fp/hard/libc_nano.a(libc_a-fwalk.o)
                              /opt/st/stm32cubeide_1.15.1/plugins/com.st.stm32cube.ide.mcu.externaltools.gnu-tools-for-stm32.12.3.rel1.linux64_1.0.100.202403111256/tools/bin/../lib/gcc/arm-none-eabi/12.3.1/../../../../arm-none-eabi/lib/thumb/v7e-m+fp/hard/libc_nano.a(libc_a-findfp.o) (_fwalk_sglue)
/opt/st/stm32cubeide_1.15.1/plugins/com.st.stm32cube.ide.mcu.externaltools.gnu-tools-for-stm32.12.3.rel1.linux64_1.0.100.202403111256/tools/bin/../lib/gcc/arm-none-eabi/12.3.1/../../../../arm-none-eabi/lib/thumb/v7e-m+fp/hard/libc_nano.a(libc_a-stdio.o)
                              /opt/st/stm32cubeide_1.15.1/plugins/com.st.stm32cube.ide.mcu.externaltools.gnu-tools-for-stm32.12.3.rel1.linux64_1.0.100.202403111256/tools/bin/../lib/gcc/arm-none-eabi/12.3.1/../../../../arm-none-eabi/lib/thumb/v7e-m+fp/hard/libc_nano.a(libc_a-findfp.o) (__sread)
/opt/st/stm32cubeide_1.15.1/plugins/com.st.stm32cube.ide.mcu.externaltools.gnu-tools-for-stm32.12.3.rel1.linux64_1.0.100.202403111256/tools/bin/../lib/gcc/arm-none-eabi/12.3.1/../../../../arm-none-eabi/lib/thumb/v7e-m+fp/hard/libc_nano.a(libc_a-memset.o)
                              /opt/st/stm32cubeide_1.15.1/plugins/com.st.stm32cube.ide.mcu.externaltools.gnu-tools-for-stm32.12.3.rel1.linux64_1.0.100.202403111256/tools/bin/../lib/gcc/arm-none-eabi/12.3.1/../../../../arm-none-eabi/lib/thumb/v7e-m+fp/hard/crt0.o (memset)
/opt/st/stm32cubeide_1.15.1/plugins/com.st.stm32cube.ide.mcu.externaltools.gnu-tools-for-stm32.12.3.rel1.linux64_1.0.100.202403111256/tools/bin/../lib/gcc/arm-none-eabi/12.3.1/../../../../arm-none-eabi/lib/thumb/v7e-m+fp/hard/libc_nano.a(libc_a-closer.o)
                              /opt/st/stm32cubeide_1.15.1/plugins/com.st.stm32cube.ide.mcu.externaltools.gnu-tools-for-stm32.12.3.rel1.linux64_1.0.100.202403111256/tools/bin/../lib/gcc/arm-none-eabi/12.3.1/../../../../arm-none-eabi/lib/thumb/v7e-m+fp/hard/libc_nano.a(libc_a-stdio.o) (_close_r)
/opt/st/stm32cubeide_1.15.1/plugins/com.st.stm32cube.ide.mcu.externaltools.gnu-tools-for-stm32.12.3.rel1.linux64_1.0.100.202403111256/tools/bin/../lib/gcc/arm-none-eabi/12.3.1/../../../../arm-none-eabi/lib/thumb/v7e-m+fp/hard/libc_nano.a(libc_a-reent.o)
                              /opt/st/stm32cubeide_1.15.1/plugins/com.st.stm32cube.ide.mcu.externaltools.gnu-tools-for-stm32.12.3.rel1.linux64_1.0.100.202403111256/tools/bin/../lib/gcc/arm-none-eabi/12.3.1/../../../../arm-none-eabi/lib/thumb/v7e-m+fp/hard/libc_nano.a(libc_a-closer.o) (errno)
/opt/st/stm32cubeide_1.15.1/plugins/com.st.stm32cube.ide.mcu.externaltools.gnu-tools-for-stm32.12.3.rel1.linux64_1.0.100.202403111256/tools/bin/../lib/gcc/arm-none-eabi/12.3.1/../../../../arm-none-eabi/lib/thumb/v7e-m+fp/hard/libc_nano.a(libc_a-impure.o)
                              /opt/st/stm32cubeide_1.15.1/plugins/com.st.stm32cube.ide.mcu.externaltools.gnu-tools-for-stm32.12.3.rel1.linux64_1.0.100.202403111256/tools/bin/../lib/gcc/arm-none-eabi/12.3.1/../../../../arm-none-eabi/lib/thumb/v7e-m+fp/hard/libc_nano.a(libc_a-reent.o) (_impure_ptr)
/opt/st/stm32cubeide_1.15.1/plugins/com.st.stm32cube.ide.mcu.externaltools.gnu-tools-for-stm32.12.3.rel1.linux64_1.0.100.202403111256/tools/bin/../lib/gcc/arm-none-eabi/12.3.1/../../../../arm-none-eabi/lib/thumb/v7e-m+fp/hard/libc_nano.a(libc_a-lseekr.o)
                              /opt/st/stm32cubeide_1.15.1/plugins/com.st.stm32cube.ide.mcu.externaltools.gnu-tools-for-stm32.12.3.rel1.linux64_1.0.100.202403111256/tools/bin/../lib/gcc/arm-none-eabi/12.3.1/../../../../arm-none-eabi/lib/thumb/v7e-m+fp/hard/libc_nano.a(libc_a-stdio.o) (_lseek_r)
[...]
Memory Configuration

Name             Origin             Length             Attributes
RAM              0x20000000         0x00050000         xrw
FLASH            0x08000000         0x00100000         xr
*default*        0x00000000         0xffffffff

Linker script and memory map

LOAD /opt/st/stm32cubeide_1.15.1/plugins/com.st.stm32cube.ide.mcu.externaltools.gnu-tools-for-stm32.12.3.rel1.linux64_1.0.100.202403111256/tools/bin/../lib/gcc/arm-none-eabi/12.3.1/thumb/v7e-m+fp/hard/crti.o
LOAD /opt/st/stm32cubeide_1.15.1/plugins/com.st.stm32cube.ide.mcu.externaltools.gnu-tools-for-stm32.12.3.rel1.linux64_1.0.100.202403111256/tools/bin/../lib/gcc/arm-none-eabi/12.3.1/thumb/v7e-m+fp/hard/crtbegin.o
LOAD /opt/st/stm32cubeide_1.15.1/plugins/com.st.stm32cube.ide.mcu.externaltools.gnu-tools-for-stm32.12.3.rel1.linux64_1.0.100.202403111256/tools/bin/../lib/gcc/arm-none-eabi/12.3.1/../../../../arm-none-eabi/lib/thumb/v7e-m+fp/hard/crt0.o
LOAD ./Core/Src/aes.o
LOAD ./Core/Src/main.o
LOAD ./Core/Src/stm32f7xx_hal_msp.o
LOAD ./Core/Src/stm32f7xx_it.o
LOAD ./Core/Src/syscalls.o
LOAD ./Core/Src/sysmem.o
LOAD ./Core/Src/system_stm32f7xx.o
LOAD ./Core/Startup/startup_stm32f756zgtx.o
LOAD ./Drivers/STM32F7xx_HAL_Driver/Src/stm32f7xx_hal.o
LOAD ./Drivers/STM32F7xx_HAL_Driver/Src/stm32f7xx_hal_cortex.o
LOAD ./Drivers/STM32F7xx_HAL_Driver/Src/stm32f7xx_hal_cryp.o
LOAD ./Drivers/STM32F7xx_HAL_Driver/Src/stm32f7xx_hal_cryp_ex.o
LOAD ./Drivers/STM32F7xx_HAL_Driver/Src/stm32f7xx_hal_dma.o
LOAD ./Drivers/STM32F7xx_HAL_Driver/Src/stm32f7xx_hal_dma_ex.o
LOAD ./Drivers/STM32F7xx_HAL_Driver/Src/stm32f7xx_hal_exti.o
LOAD ./Drivers/STM32F7xx_HAL_Driver/Src/stm32f7xx_hal_flash.o
LOAD ./Drivers/STM32F7xx_HAL_Driver/Src/stm32f7xx_hal_flash_ex.o
LOAD ./Drivers/STM32F7xx_HAL_Driver/Src/stm32f7xx_hal_gpio.o
LOAD ./Drivers/STM32F7xx_HAL_Driver/Src/stm32f7xx_hal_hash.o
LOAD ./Drivers/STM32F7xx_HAL_Driver/Src/stm32f7xx_hal_hash_ex.o
LOAD ./Drivers/STM32F7xx_HAL_Driver/Src/stm32f7xx_hal_i2c.o
LOAD ./Drivers/STM32F7xx_HAL_Driver/Src/stm32f7xx_hal_i2c_ex.o
LOAD ./Drivers/STM32F7xx_HAL_Driver/Src/stm32f7xx_hal_pwr.o
LOAD ./Drivers/STM32F7xx_HAL_Driver/Src/stm32f7xx_hal_pwr_ex.o
LOAD ./Drivers/STM32F7xx_HAL_Driver/Src/stm32f7xx_hal_rcc.o
LOAD ./Drivers/STM32F7xx_HAL_Driver/Src/stm32f7xx_hal_rcc_ex.o
LOAD ./Drivers/STM32F7xx_HAL_Driver/Src/stm32f7xx_hal_rng.o
LOAD ./Drivers/STM32F7xx_HAL_Driver/Src/stm32f7xx_hal_tim.o
LOAD ./Drivers/STM32F7xx_HAL_Driver/Src/stm32f7xx_hal_tim_ex.o
LOAD ./Drivers/STM32F7xx_HAL_Driver/Src/stm32f7xx_hal_uart.o
LOAD ./Drivers/STM32F7xx_HAL_Driver/Src/stm32f7xx_hal_uart_ex.o
START GROUP
LOAD /opt/st/stm32cubeide_1.15.1/plugins/com.st.stm32cube.ide.mcu.externaltools.gnu-tools-for-stm32.12.3.rel1.linux64_1.0.100.202403111256/tools/bin/../lib/gcc/arm-none-eabi/12.3.1/../../../../arm-none-eabi/lib/thumb/v7e-m+fp/hard/libc_nano.a
LOAD /opt/st/stm32cubeide_1.15.1/plugins/com.st.stm32cube.ide.mcu.externaltools.gnu-tools-for-stm32.12.3.rel1.linux64_1.0.100.202403111256/tools/bin/../lib/gcc/arm-none-eabi/12.3.1/../../../../arm-none-eabi/lib/thumb/v7e-m+fp/hard/libm.a
END GROUP
START GROUP
LOAD /opt/st/stm32cubeide_1.15.1/plugins/com.st.stm32cube.ide.mcu.externaltools.gnu-tools-for-stm32.12.3.rel1.linux64_1.0.100.202403111256/tools/bin/../lib/gcc/arm-none-eabi/12.3.1/thumb/v7e-m+fp/hard/libgcc.a
LOAD /opt/st/stm32cubeide_1.15.1/plugins/com.st.stm32cube.ide.mcu.externaltools.gnu-tools-for-stm32.12.3.rel1.linux64_1.0.100.202403111256/tools/bin/../lib/gcc/arm-none-eabi/12.3.1/../../../../arm-none-eabi/lib/thumb/v7e-m+fp/hard/libc_nano.a
END GROUP
START GROUP
LOAD /opt/st/stm32cubeide_1.15.1/plugins/com.st.stm32cube.ide.mcu.externaltools.gnu-tools-for-stm32.12.3.rel1.linux64_1.0.100.202403111256/tools/bin/../lib/gcc/arm-none-eabi/12.3.1/thumb/v7e-m+fp/hard/libgcc.a
LOAD /opt/st/stm32cubeide_1.15.1/plugins/com.st.stm32cube.ide.mcu.externaltools.gnu-tools-for-stm32.12.3.rel1.linux64_1.0.100.202403111256/tools/bin/../lib/gcc/arm-none-eabi/12.3.1/../../../../arm-none-eabi/lib/thumb/v7e-m+fp/hard/libc_nano.a
LOAD /opt/st/stm32cubeide_1.15.1/plugins/com.st.stm32cube.ide.mcu.externaltools.gnu-tools-for-stm32.12.3.rel1.linux64_1.0.100.202403111256/tools/bin/../lib/gcc/arm-none-eabi/12.3.1/../../../../arm-none-eabi/lib/thumb/v7e-m+fp/hard/libnosys.a
END GROUP
START GROUP
LOAD /opt/st/stm32cubeide_1.15.1/plugins/com.st.stm32cube.ide.mcu.externaltools.gnu-tools-for-stm32.12.3.rel1.linux64_1.0.100.202403111256/tools/bin/../lib/gcc/arm-none-eabi/12.3.1/thumb/v7e-m+fp/hard/libgcc.a
LOAD /opt/st/stm32cubeide_1.15.1/plugins/com.st.stm32cube.ide.mcu.externaltools.gnu-tools-for-stm32.12.3.rel1.linux64_1.0.100.202403111256/tools/bin/../lib/gcc/arm-none-eabi/12.3.1/../../../../arm-none-eabi/lib/thumb/v7e-m+fp/hard/libc_nano.a
LOAD /opt/st/stm32cubeide_1.15.1/plugins/com.st.stm32cube.ide.mcu.externaltools.gnu-tools-for-stm32.12.3.rel1.linux64_1.0.100.202403111256/tools/bin/../lib/gcc/arm-none-eabi/12.3.1/../../../../arm-none-eabi/lib/thumb/v7e-m+fp/hard/libnosys.a
END GROUP
LOAD /opt/st/stm32cubeide_1.15.1/plugins/com.st.stm32cube.ide.mcu.externaltools.gnu-tools-for-stm32.12.3.rel1.linux64_1.0.100.202403111256/tools/bin/../lib/gcc/arm-none-eabi/12.3.1/thumb/v7e-m+fp/hard/crtend.o
LOAD /opt/st/stm32cubeide_1.15.1/plugins/com.st.stm32cube.ide.mcu.externaltools.gnu-tools-for-stm32.12.3.rel1.linux64_1.0.100.202403111256/tools/bin/../lib/gcc/arm-none-eabi/12.3.1/thumb/v7e-m+fp/hard/crtn.o
                0x20050000                        _estack = (ORIGIN (RAM) + LENGTH (RAM))
                0x00000200                        _Min_Heap_Size = 0x200
                0x00000400                        _Min_Stack_Size = 0x400

.isr_vector     0x08000000      0x1c8
                0x08000000                        . = ALIGN (0x4)
 *(.isr_vector)
 .isr_vector    0x08000000      0x1c8 ./Core/Startup/startup_stm32f756zgtx.o
                0x08000000                g_pfnVectors
                0x080001c8                        . = ALIGN (0x4)

.text           0x080001c8     0x4bc8
                0x080001c8                        . = ALIGN (0x4)
 *(.text)
 .text          0x080001c8       0x40 /opt/st/stm32cubeide_1.15.1/plugins/com.st.stm32cube.ide.mcu.externaltools.gnu-tools-for-stm32.12.3.rel1.linux64_1.0.100.202403111256/tools/bin/../lib/gcc/arm-none-eabi/12.3.1/thumb/v7e-m+fp/hard/crtbegin.o
 .text          0x08000208       0x30 /opt/st/stm32cubeide_1.15.1/plugins/com.st.stm32cube.ide.mcu.externaltools.gnu-tools-for-stm32.12.3.rel1.linux64_1.0.100.202403111256/tools/bin/../lib/gcc/arm-none-eabi/12.3.1/thumb/v7e-m+fp/hard/libgcc.a(_aeabi_uldivmod.o)
                0x08000208                __aeabi_uldivmod
 .text          0x08000238      0x2bc /opt/st/stm32cubeide_1.15.1/plugins/com.st.stm32cube.ide.mcu.externaltools.gnu-tools-for-stm32.12.3.rel1.linux64_1.0.100.202403111256/tools/bin/../lib/gcc/arm-none-eabi/12.3.1/thumb/v7e-m+fp/hard/libgcc.a(_udivmoddi4.o)
                0x08000238                __udivmoddi4
 .text          0x080004f4        0x4 /opt/st/stm32cubeide_1.15.1/plugins/com.st.stm32cube.ide.mcu.externaltools.gnu-tools-for-stm32.12.3.rel1.linux64_1.0.100.202403111256/tools/bin/../lib/gcc/arm-none-eabi/12.3.1/thumb/v7e-m+fp/hard/libgcc.a(_dvmd_tls.o)
                0x080004f4                __aeabi_ldiv0
                0x080004f4                __aeabi_idiv0
 *(.text*)
 .text.KeyExpansion
                0x080004f8      0x1a0 ./Core/Src/aes.o
 .text.AES_init_ctx
                0x08000698       0x1c ./Core/Src/aes.o
                0x08000698                AES_init_ctx
 .text.AddRoundKey
                0x080006b4       0x78 ./Core/Src/aes.o
 .text.SubBytes
                0x0800072c       0x64 ./Core/Src/aes.o
 .text.ShiftRows
                0x08000790       0x84 ./Core/Src/aes.o
 .text.xtime    0x08000814       0x3c ./Core/Src/aes.o
 .text.MixColumns
                0x08000850      0x16a ./Core/Src/aes.o
 .text.Cipher   0x080009ba       0x5c ./Core/Src/aes.o
 .text.AES_ECB_encrypt
                0x08000a16       0x1c ./Core/Src/aes.o
                0x08000a16                AES_ECB_encrypt
 *fill*         0x08000a32        0x2 
 .text.SCB_EnableICache
                0x08000a34       0x4c ./Core/Src/main.o
 .text.SCB_EnableDCache
                0x08000a80       0x88 ./Core/Src/main.o
 .text.main     0x08000b08      0x204 ./Core/Src/main.o
                0x08000b08                main
 .text.SystemClock_Config
                0x08000d0c       0xcc ./Core/Src/main.o
                0x08000d0c                SystemClock_Config
 .text.MX_CRYP_Init
                0x08000dd8       0x48 ./Core/Src/main.o
 .text.MX_HASH_Init
                0x08000e20       0x24 ./Core/Src/main.o
 .text.MX_RNG_Init
                0x08000e44       0x28 ./Core/Src/main.o
 .text.MX_USART2_UART_Init
                0x08000e6c       0x60 ./Core/Src/main.o
 .text.MX_GPIO_Init
                0x08000ecc      0x274 ./Core/Src/main.o
 .text.uint64_to_uint8_array
                0x08001140       0x58 ./Core/Src/main.o
                0x08001140                uint64_to_uint8_array
 .text.block_to_uint8_array
                0x08001198       0x9a ./Core/Src/main.o
                0x08001198                block_to_uint8_array
 *fill*         0x08001232        0x2 
 .text.mitccrh_rk
                0x08001234       0x6c ./Core/Src/main.o
                0x08001234                mitccrh_rk
 .text.mitccrh_hash
                0x080012a0      0x2b8 ./Core/Src/main.o
                0x080012a0                mitccrh_hash
 .text.reverse_bytes
                0x08001558       0x40 ./Core/Src/main.o
                0x08001558                reverse_bytes
 .text.uint32_array_to_uint64
                0x08001598       0x74 ./Core/Src/main.o
                0x08001598                uint32_array_to_uint64
 .text.xorBlocks_arr
                0x0800160c       0x78 ./Core/Src/main.o
                0x0800160c                xorBlocks_arr
 .text.HAL_UART_RxCpltCallback
                0x08001684      0x118 ./Core/Src/main.o
                0x08001684                HAL_UART_RxCpltCallback
 .text.HAL_UART_TxCpltCallback
                0x0800179c       0x70 ./Core/Src/main.o
                0x0800179c                HAL_UART_TxCpltCallback
 .text.Error_Handler
                0x0800180c        0xc ./Core/Src/main.o
                0x0800180c                Error_Handler
 .text.HAL_MspInit
                0x08001818       0x48 ./Core/Src/stm32f7xx_hal_msp.o
                0x08001818                HAL_MspInit
 .text.HAL_CRYP_MspInit
                0x08001860       0x40 ./Core/Src/stm32f7xx_hal_msp.o
                0x08001860                HAL_CRYP_MspInit
 .text.HAL_CRYP_MspDeInit
                0x080018a0       0x34 ./Core/Src/stm32f7xx_hal_msp.o
                0x080018a0                HAL_CRYP_MspDeInit
 .text.HAL_HASH_MspInit
                0x080018d4       0x30 ./Core/Src/stm32f7xx_hal_msp.o
                0x080018d4                HAL_HASH_MspInit
 .text.HAL_RNG_MspInit
                0x08001904       0x68 ./Core/Src/stm32f7xx_hal_msp.o
                0x08001904                HAL_RNG_MspInit
 .text.HAL_UART_MspInit
                0x0800196c      0x110 ./Core/Src/stm32f7xx_hal_msp.o
                0x0800196c                HAL_UART_MspInit
 .text.NMI_Handler
                0x08001a7c        0x8 ./Core/Src/stm32f7xx_it.o
                0x08001a7c                NMI_Handler
 .text.HardFault_Handler
                0x08001a84        0x8 ./Core/Src/stm32f7xx_it.o
                0x08001a84                HardFault_Handler
 .text.MemManage_Handler
                0x08001a8c        0x8 ./Core/Src/stm32f7xx_it.o
                0x08001a8c                MemManage_Handler
 .text.BusFault_Handler
                0x08001a94        0x8 ./Core/Src/stm32f7xx_it.o
                0x08001a94                BusFault_Handler
 .text.UsageFault_Handler
                0x08001a9c        0x8 ./Core/Src/stm32f7xx_it.o
                0x08001a9c                UsageFault_Handler
 .text.SVC_Handler
                0x08001aa4        0xe ./Core/Src/stm32f7xx_it.o
                0x08001aa4                SVC_Handler
 .text.DebugMon_Handler
                0x08001ab2        0xe ./Core/Src/stm32f7xx_it.o
                0x08001ab2                DebugMon_Handler
 .text.PendSV_Handler
                0x08001ac0        0xe ./Core/Src/stm32f7xx_it.o
                0x08001ac0                PendSV_Handler
 .text.SysTick_Handler
                0x08001ace        0xc ./Core/Src/stm32f7xx_it.o
                0x08001ace                SysTick_Handler
 *fill*         0x08001ada        0x2 
 .text.USART2_IRQHandler
                0x08001adc       0x14 ./Core/Src/stm32f7xx_it.o
                0x08001adc                USART2_IRQHandler
 .text.SystemInit
                0x08001af0       0x24 ./Core/Src/system_stm32f7xx.o
                0x08001af0                SystemInit
 .text.Reset_Handler
                0x08001b14       0x50 ./Core/Startup/startup_stm32f756zgtx.o
                0x08001b14                Reset_Handler
 .text.Default_Handler
                0x08001b64        0x2 ./Core/Startup/startup_stm32f756zgtx.o
                0x08001b64                RTC_Alarm_IRQHandler
                0x08001b64                HASH_RNG_IRQHandler
                0x08001b64                EXTI2_IRQHandler
                0x08001b64                TIM8_CC_IRQHandler
                0x08001b64                UART8_IRQHandler
                0x08001b64                SPI4_IRQHandler
                0x08001b64                TIM1_CC_IRQHandler
                0x08001b64                DMA2_Stream5_IRQHandler
                0x08001b64                DMA1_Stream5_IRQHandler
                0x08001b64                PVD_IRQHandler
                0x08001b64                TAMP_STAMP_IRQHandler
                0x08001b64                CAN2_RX1_IRQHandler
                0x08001b64                EXTI3_IRQHandler
                0x08001b64                TIM8_TRG_COM_TIM14_IRQHandler
                0x08001b64                TIM1_UP_TIM10_IRQHandler
                0x08001b64                TIM8_UP_TIM13_IRQHandler
                0x08001b64                I2C3_ER_IRQHandler
                0x08001b64                EXTI0_IRQHandler
                0x08001b64                I2C2_EV_IRQHandler
                0x08001b64                DMA1_Stream2_IRQHandler
                0x08001b64                CAN1_RX0_IRQHandler
                0x08001b64                FPU_IRQHandler
                0x08001b64                OTG_HS_WKUP_IRQHandler
                0x08001b64                LTDC_ER_IRQHandler
                0x08001b64                CAN2_SCE_IRQHandler
                0x08001b64                DMA2_Stream2_IRQHandler
                0x08001b64                SPI1_IRQHandler
                0x08001b64                TIM6_DAC_IRQHandler
                0x08001b64                TIM1_BRK_TIM9_IRQHandler
                0x08001b64                DCMI_IRQHandler
                0x08001b64                CAN2_RX0_IRQHandler
                0x08001b64                DMA2_Stream3_IRQHandler
                0x08001b64                SAI2_IRQHandler
                0x08001b64                USART6_IRQHandler
                0x08001b64                USART3_IRQHandler
                0x08001b64                CRYP_IRQHandler
                0x08001b64                CAN1_RX1_IRQHandler
                0x08001b64                UART5_IRQHandler
                0x08001b64                DMA2_Stream0_IRQHandler
                0x08001b64                TIM4_IRQHandler
                0x08001b64                QUADSPI_IRQHandler
                0x08001b64                I2C1_EV_IRQHandler
                0x08001b64                DMA1_Stream6_IRQHandler
                0x08001b64                DMA1_Stream1_IRQHandler
                0x08001b64                UART4_IRQHandler
                0x08001b64                TIM3_IRQHandler
                0x08001b64                RCC_IRQHandler
                0x08001b64                TIM8_BRK_TIM12_IRQHandler
                0x08001b64                Default_Handler
                0x08001b64                CEC_IRQHandler
                0x08001b64                EXTI15_10_IRQHandler
                0x08001b64                ADC_IRQHandler
                0x08001b64                DMA1_Stream7_IRQHandler
                0x08001b64                SPI5_IRQHandler
                0x08001b64                TIM7_IRQHandler
                0x08001b64                SDMMC1_IRQHandler
                0x08001b64                CAN2_TX_IRQHandler
                0x08001b64                TIM5_IRQHandler
                0x08001b64                DMA2_Stream7_IRQHandler
                0x08001b64                I2C3_EV_IRQHandler
                0x08001b64                EXTI9_5_IRQHandler
                0x08001b64                RTC_WKUP_IRQHandler
                0x08001b64                LTDC_IRQHandler
                0x08001b64                ETH_WKUP_IRQHandler
                0x08001b64                SPDIF_RX_IRQHandler
                0x08001b64                SPI2_IRQHandler
                0x08001b64                OTG_HS_EP1_IN_IRQHandler
                0x08001b64                DMA1_Stream0_IRQHandler
                0x08001b64                CAN1_TX_IRQHandler
                0x08001b64                EXTI4_IRQHandler
                0x08001b64                ETH_IRQHandler
                0x08001b64                OTG_HS_EP1_OUT_IRQHandler
                0x08001b64                WWDG_IRQHandler
                0x08001b64                SPI6_IRQHandler
                0x08001b64                I2C4_EV_IRQHandler
                0x08001b64                TIM2_IRQHandler
                0x08001b64                OTG_FS_WKUP_IRQHandler
                0x08001b64                TIM1_TRG_COM_TIM11_IRQHandler
                0x08001b64                OTG_HS_IRQHandler
                0x08001b64                DMA2D_IRQHandler
                0x08001b64                EXTI1_IRQHandler
                0x08001b64                UART7_IRQHandler
                0x08001b64                I2C2_ER_IRQHandler
                0x08001b64                DMA2_Stream1_IRQHandler
                0x08001b64                CAN1_SCE_IRQHandler
                0x08001b64                FLASH_IRQHandler
                0x08001b64                DMA2_Stream4_IRQHandler
                0x08001b64                USART1_IRQHandler
                0x08001b64                OTG_FS_IRQHandler
                0x08001b64                SPI3_IRQHandler
                0x08001b64                DMA1_Stream4_IRQHandler
                0x08001b64                I2C1_ER_IRQHandler
                0x08001b64                FMC_IRQHandler
                0x08001b64                LPTIM1_IRQHandler
                0x08001b64                I2C4_ER_IRQHandler
                0x08001b64                DMA2_Stream6_IRQHandler
                0x08001b64                SAI1_IRQHandler
                0x08001b64                DMA1_Stream3_IRQHandler
 *fill*         0x08001b66        0x2 
 .text.HAL_Init
                0x08001b68       0x38 ./Drivers/STM32F7xx_HAL_Driver/Src/stm32f7xx_hal.o
                0x08001b68                HAL_Init
 .text.HAL_InitTick
                0x08001ba0       0x60 ./Drivers/STM32F7xx_HAL_Driver/Src/stm32f7xx_hal.o
                0x08001ba0                HAL_InitTick
 .text.HAL_IncTick
                0x08001c00       0x28 ./Drivers/STM32F7xx_HAL_Driver/Src/stm32f7xx_hal.o
                0x08001c00                HAL_IncTick
 .text.HAL_GetTick
                0x08001c28       0x18 ./Drivers/STM32F7xx_HAL_Driver/Src/stm32f7xx_hal.o
                0x08001c28                HAL_GetTick
 .text.__NVIC_SetPriorityGrouping
                0x08001c40       0x48 ./Drivers/STM32F7xx_HAL_Driver/Src/stm32f7xx_hal_cortex.o
 .text.__NVIC_GetPriorityGrouping
                0x08001c88       0x1c ./Drivers/STM32F7xx_HAL_Driver/Src/stm32f7xx_hal_cortex.o
 .text.__NVIC_EnableIRQ
                0x08001ca4       0x3c ./Drivers/STM32F7xx_HAL_Driver/Src/stm32f7xx_hal_cortex.o
 .text.__NVIC_SetPriority
                0x08001ce0       0x54 ./Drivers/STM32F7xx_HAL_Driver/Src/stm32f7xx_hal_cortex.o
 .text.NVIC_EncodePriority
                0x08001d34       0x66 ./Drivers/STM32F7xx_HAL_Driver/Src/stm32f7xx_hal_cortex.o
 *fill*         0x08001d9a        0x2 
 .text.SysTick_Config
                0x08001d9c       0x44 ./Drivers/STM32F7xx_HAL_Driver/Src/stm32f7xx_hal_cortex.o
 .text.HAL_NVIC_SetPriorityGrouping
                0x08001de0       0x16 ./Drivers/STM32F7xx_HAL_Driver/Src/stm32f7xx_hal_cortex.o
                0x08001de0                HAL_NVIC_SetPriorityGrouping
 .text.HAL_NVIC_SetPriority
                0x08001df6       0x38 ./Drivers/STM32F7xx_HAL_Driver/Src/stm32f7xx_hal_cortex.o
                0x08001df6                HAL_NVIC_SetPriority
 .text.HAL_NVIC_EnableIRQ
                0x08001e2e       0x1c ./Drivers/STM32F7xx_HAL_Driver/Src/stm32f7xx_hal_cortex.o
                0x08001e2e                HAL_NVIC_EnableIRQ
 .text.HAL_SYSTICK_Config
                0x08001e4a       0x18 ./Drivers/STM32F7xx_HAL_Driver/Src/stm32f7xx_hal_cortex.o
                0x08001e4a                HAL_SYSTICK_Config
 *fill*         0x08001e62        0x2 
 .text.HAL_CRYP_Init
                0x08001e64       0x70 ./Drivers/STM32F7xx_HAL_Driver/Src/stm32f7xx_hal_cryp.o
                0x08001e64                HAL_CRYP_Init
 .text.HAL_CRYP_DeInit
                0x08001ed4       0x5c ./Drivers/STM32F7xx_HAL_Driver/Src/stm32f7xx_hal_cryp.o
                0x08001ed4                HAL_CRYP_DeInit
 .text.HAL_DMA_Abort
                0x08001f30       0xe0 ./Drivers/STM32F7xx_HAL_Driver/Src/stm32f7xx_hal_dma.o
                0x08001f30                HAL_DMA_Abort
 .text.HAL_DMA_Abort_IT
                0x08002010       0x44 ./Drivers/STM32F7xx_HAL_Driver/Src/stm32f7xx_hal_dma.o
                0x08002010                HAL_DMA_Abort_IT
 .text.HAL_GPIO_Init
                0x08002054      0x358 ./Drivers/STM32F7xx_HAL_Driver/Src/stm32f7xx_hal_gpio.o
                0x08002054                HAL_GPIO_Init
 .text.HAL_GPIO_WritePin
                0x080023ac       0x32 ./Drivers/STM32F7xx_HAL_Driver/Src/stm32f7xx_hal_gpio.o
                0x080023ac                HAL_GPIO_WritePin
 *fill*         0x080023de        0x2 
 .text.HAL_HASH_Init
                0x080023e0       0xa8 ./Drivers/STM32F7xx_HAL_Driver/Src/stm32f7xx_hal_hash.o
                0x080023e0                HAL_HASH_Init
 .text.HAL_RCC_OscConfig
                0x08002488      0x548 ./Drivers/STM32F7xx_HAL_Driver/Src/stm32f7xx_hal_rcc.o
                0x08002488                HAL_RCC_OscConfig
 .text.HAL_RCC_ClockConfig
                0x080029d0      0x1d8 ./Drivers/STM32F7xx_HAL_Driver/Src/stm32f7xx_hal_rcc.o
                0x080029d0                HAL_RCC_ClockConfig
 .text.HAL_RCC_GetSysClockFreq
                0x08002ba8      0x20c ./Drivers/STM32F7xx_HAL_Driver/Src/stm32f7xx_hal_rcc.o
                0x08002ba8                HAL_RCC_GetSysClockFreq
 .text.HAL_RCC_GetHCLKFreq
                0x08002db4       0x18 ./Drivers/STM32F7xx_HAL_Driver/Src/stm32f7xx_hal_rcc.o
                0x08002db4                HAL_RCC_GetHCLKFreq
 .text.HAL_RCC_GetPCLK1Freq
                0x08002dcc       0x28 ./Drivers/STM32F7xx_HAL_Driver/Src/stm32f7xx_hal_rcc.o
                0x08002dcc                HAL_RCC_GetPCLK1Freq
 .text.HAL_RCC_GetPCLK2Freq
                0x08002df4       0x28 ./Drivers/STM32F7xx_HAL_Driver/Src/stm32f7xx_hal_rcc.o
                0x08002df4                HAL_RCC_GetPCLK2Freq
 .text.HAL_RCCEx_PeriphCLKConfig
                0x08002e1c      0x7e0 ./Drivers/STM32F7xx_HAL_Driver/Src/stm32f7xx_hal_rcc_ex.o
                0x08002e1c                HAL_RCCEx_PeriphCLKConfig
 .text.HAL_RNG_Init
                0x080035fc       0x54 ./Drivers/STM32F7xx_HAL_Driver/Src/stm32f7xx_hal_rng.o
                0x080035fc                HAL_RNG_Init
 .text.HAL_UART_Init
                0x08003650       0x9c ./Drivers/STM32F7xx_HAL_Driver/Src/stm32f7xx_hal_uart.o
                0x08003650                HAL_UART_Init
 .text.HAL_UART_Transmit_IT
                0x080036ec       0xbc ./Drivers/STM32F7xx_HAL_Driver/Src/stm32f7xx_hal_uart.o
                0x080036ec                HAL_UART_Transmit_IT
 .text.HAL_UART_Receive_IT
                0x080037a8       0x88 ./Drivers/STM32F7xx_HAL_Driver/Src/stm32f7xx_hal_uart.o
                0x080037a8                HAL_UART_Receive_IT
 .text.HAL_UART_IRQHandler
                0x08003830      0x5a4 ./Drivers/STM32F7xx_HAL_Driver/Src/stm32f7xx_hal_uart.o
                0x08003830                HAL_UART_IRQHandler
 .text.HAL_UART_ErrorCallback
                0x08003dd4       0x14 ./Drivers/STM32F7xx_HAL_Driver/Src/stm32f7xx_hal_uart.o
                0x08003dd4                HAL_UART_ErrorCallback
 .text.HAL_UARTEx_RxEventCallback
                0x08003de8       0x18 ./Drivers/STM32F7xx_HAL_Driver/Src/stm32f7xx_hal_uart.o
                0x08003de8                HAL_UARTEx_RxEventCallback
 .text.UART_SetConfig
                0x08003e00      0x4c8 ./Drivers/STM32F7xx_HAL_Driver/Src/stm32f7xx_hal_uart.o
                0x08003e00                UART_SetConfig
 .text.UART_AdvFeatureConfig
                0x080042c8      0x144 ./Drivers/STM32F7xx_HAL_Driver/Src/stm32f7xx_hal_uart.o
                0x080042c8                UART_AdvFeatureConfig
 .text.UART_CheckIdleState
                0x0800440c       0x6e ./Drivers/STM32F7xx_HAL_Driver/Src/stm32f7xx_hal_uart.o
                0x0800440c                UART_CheckIdleState
 .text.UART_WaitOnFlagUntilTimeout
                0x0800447a      0x18c ./Drivers/STM32F7xx_HAL_Driver/Src/stm32f7xx_hal_uart.o
                0x0800447a                UART_WaitOnFlagUntilTimeout
 *fill*         0x08004606        0x2 
 .text.UART_Start_Receive_IT
                0x08004608      0x18c ./Drivers/STM32F7xx_HAL_Driver/Src/stm32f7xx_hal_uart.o
                0x08004608                UART_Start_Receive_IT
 .text.UART_EndRxTransfer
                0x08004794       0xc8 ./Drivers/STM32F7xx_HAL_Driver/Src/stm32f7xx_hal_uart.o
 .text.UART_DMAAbortOnError
                0x0800485c       0x2c ./Drivers/STM32F7xx_HAL_Driver/Src/stm32f7xx_hal_uart.o
 .text.UART_TxISR_8BIT
                0x08004888       0xb6 ./Drivers/STM32F7xx_HAL_Driver/Src/stm32f7xx_hal_uart.o
 .text.UART_TxISR_16BIT
                0x0800493e       0xc0 ./Drivers/STM32F7xx_HAL_Driver/Src/stm32f7xx_hal_uart.o
 .text.UART_EndTransmit_IT
                0x080049fe       0x54 ./Drivers/STM32F7xx_HAL_Driver/Src/stm32f7xx_hal_uart.o
 .text.UART_RxISR_8BIT
                0x08004a52      0x166 ./Drivers/STM32F7xx_HAL_Driver/Src/stm32f7xx_hal_uart.o
 .text.UART_RxISR_16BIT
                0x08004bb8      0x166 ./Drivers/STM32F7xx_HAL_Driver/Src/stm32f7xx_hal_uart.o
 .text.memset   0x08004d1e       0x10 /opt/st/stm32cubeide_1.15.1/plugins/com.st.stm32cube.ide.mcu.externaltools.gnu-tools-for-stm32.12.3.rel1.linux64_1.0.100.202403111256/tools/bin/../lib/gcc/arm-none-eabi/12.3.1/../../../../arm-none-eabi/lib/thumb/v7e-m+fp/hard/libc_nano.a(libc_a-memset.o)
                0x08004d1e                memset
 *fill*         0x08004d2e        0x2 
 .text.__libc_init_array
                0x08004d30       0x48 /opt/st/stm32cubeide_1.15.1/plugins/com.st.stm32cube.ide.mcu.externaltools.gnu-tools-for-stm32.12.3.rel1.linux64_1.0.100.202403111256/tools/bin/../lib/gcc/arm-none-eabi/12.3.1/../../../../arm-none-eabi/lib/thumb/v7e-m+fp/hard/libc_nano.a(libc_a-init.o)
                0x08004d30                __libc_init_array
 *(.glue_7)
 .glue_7        0x08004d78        0x0 linker stubs
 *(.glue_7t)
 .glue_7t       0x08004d78        0x0 linker stubs
 *(.eh_frame)
 .eh_frame      0x08004d78        0x0 /opt/st/stm32cubeide_1.15.1/plugins/com.st.stm32cube.ide.mcu.externaltools.gnu-tools-for-stm32.12.3.rel1.linux64_1.0.100.202403111256/tools/bin/../lib/gcc/arm-none-eabi/12.3.1/thumb/v7e-m+fp/hard/crtbegin.o
 *(.init)
 .init          0x08004d78        0x4 /opt/st/stm32cubeide_1.15.1/plugins/com.st.stm32cube.ide.mcu.externaltools.gnu-tools-for-stm32.12.3.rel1.linux64_1.0.100.202403111256/tools/bin/../lib/gcc/arm-none-eabi/12.3.1/thumb/v7e-m+fp/hard/crti.o
                0x08004d78                _init
 .init          0x08004d7c        0x8 /opt/st/stm32cubeide_1.15.1/plugins/com.st.stm32cube.ide.mcu.externaltools.gnu-tools-for-stm32.12.3.rel1.linux64_1.0.100.202403111256/tools/bin/../lib/gcc/arm-none-eabi/12.3.1/thumb/v7e-m+fp/hard/crtn.o
 *(.fini)
 .fini          0x08004d84        0x4 /opt/st/stm32cubeide_1.15.1/plugins/com.st.stm32cube.ide.mcu.externaltools.gnu-tools-for-stm32.12.3.rel1.linux64_1.0.100.202403111256/tools/bin/../lib/gcc/arm-none-eabi/12.3.1/thumb/v7e-m+fp/hard/crti.o
                0x08004d84                _fini
 .fini          0x08004d88        0x8 /opt/st/stm32cubeide_1.15.1/plugins/com.st.stm32cube.ide.mcu.externaltools.gnu-tools-for-stm32.12.3.rel1.linux64_1.0.100.202403111256/tools/bin/../lib/gcc/arm-none-eabi/12.3.1/thumb/v7e-m+fp/hard/crtn.o
                0x08004d90                        . = ALIGN (0x4)
                0x08004d90                        _etext = .

.vfp11_veneer   0x08004d90        0x0
 .vfp11_veneer  0x08004d90        0x0 linker stubs

.v4_bx          0x08004d90        0x0
 .v4_bx         0x08004d90        0x0 linker stubs

.iplt           0x08004d90        0x0
 .iplt          0x08004d90        0x0 /opt/st/stm32cubeide_1.15.1/plugins/com.st.stm32cube.ide.mcu.externaltools.gnu-tools-for-stm32.12.3.rel1.linux64_1.0.100.202403111256/tools/bin/../lib/gcc/arm-none-eabi/12.3.1/thumb/v7e-m+fp/hard/crtbegin.o

.rodata         0x08004d90      0x124
                0x08004d90                        . = ALIGN (0x4)
 *(.rodata)
 *(.rodata*)
 .rodata.sbox   0x08004d90      0x100 ./Core/Src/aes.o
 .rodata.Rcon   0x08004e90        0xb ./Core/Src/aes.o
 *fill*         0x08004e9b        0x1 
 .rodata.AHBPrescTable
                0x08004e9c       0x10 ./Core/Src/system_stm32f7xx.o
                0x08004e9c                AHBPrescTable
 .rodata.APBPrescTable
                0x08004eac        0x8 ./Core/Src/system_stm32f7xx.o
                0x08004eac                APBPrescTable
                0x08004eb4                        . = ALIGN (0x4)

.ARM.extab      0x08004eb4        0x0
                0x08004eb4                        . = ALIGN (0x4)
 *(.ARM.extab* .gnu.linkonce.armextab.*)
                0x08004eb4                        . = ALIGN (0x4)

.ARM            0x08004eb4        0x8
                0x08004eb4                        . = ALIGN (0x4)
                0x08004eb4                        __exidx_start = .
 *(.ARM.exidx*)
 .ARM.exidx     0x08004eb4        0x8 /opt/st/stm32cubeide_1.15.1/plugins/com.st.stm32cube.ide.mcu.externaltools.gnu-tools-for-stm32.12.3.rel1.linux64_1.0.100.202403111256/tools/bin/../lib/gcc/arm-none-eabi/12.3.1/thumb/v7e-m+fp/hard/libgcc.a(_udivmoddi4.o)
                0x08004ebc                        __exidx_end = .
                0x08004ebc                        . = ALIGN (0x4)

.preinit_array  0x08004ebc        0x0
                0x08004ebc                        . = ALIGN (0x4)
                0x08004ebc                        PROVIDE (__preinit_array_start = .)
 *(.preinit_array*)
                0x08004ebc                        PROVIDE (__preinit_array_end = .)
                0x08004ebc                        . = ALIGN (0x4)

.init_array     0x08004ebc        0x4
                0x08004ebc                        . = ALIGN (0x4)
                0x08004ebc                        PROVIDE (__init_array_start = .)
 *(SORT_BY_NAME(.init_array.*))
 *(.init_array*)
 .init_array    0x08004ebc        0x4 /opt/st/stm32cubeide_1.15.1/plugins/com.st.stm32cube.ide.mcu.externaltools.gnu-tools-for-stm32.12.3.rel1.linux64_1.0.100.202403111256/tools/bin/../lib/gcc/arm-none-eabi/12.3.1/thumb/v7e-m+fp/hard/crtbegin.o
                0x08004ec0                        PROVIDE (__init_array_end = .)
                0x08004ec0                        . = ALIGN (0x4)

.fini_array     0x08004ec0        0x4
                0x08004ec0                        . = ALIGN (0x4)
                [!provide]                        PROVIDE (__fini_array_start = .)
 *(SORT_BY_NAME(.fini_array.*))
 *(.fini_array*)
 .fini_array    0x08004ec0        0x4 /opt/st/stm32cubeide_1.15.1/plugins/com.st.stm32cube.ide.mcu.externaltools.gnu-tools-for-stm32.12.3.rel1.linux64_1.0.100.202403111256/tools/bin/../lib/gcc/arm-none-eabi/12.3.1/thumb/v7e-m+fp/hard/crtbegin.o
                [!provide]                        PROVIDE (__fini_array_end = .)
                0x08004ec4                        . = ALIGN (0x4)
                0x08004ec4                        _sidata = LOADADDR (.data)

.rel.dyn        0x08004ec4        0x0
 .rel.iplt      0x08004ec4        0x0 /opt/st/stm32cubeide_1.15.1/plugins/com.st.stm32cube.ide.mcu.externaltools.gnu-tools-for-stm32.12.3.rel1.linux64_1.0.100.202403111256/tools/bin/../lib/gcc/arm-none-eabi/12.3.1/thumb/v7e-m+fp/hard/crtbegin.o

.data           0x20000000       0x14 load address 0x08004ec4
                0x20000000                        . = ALIGN (0x4)
                0x20000000                        _sdata = .
 *(.data)
 *(.data*)
 .data.keys_used
                0x20000000        0x4 ./Core/Src/main.o
                0x20000000                keys_used
 .data.length   0x20000004        0x4 ./Core/Src/main.o
                0x20000004                length
 .data.SystemCoreClock
                0x20000008        0x4 ./Core/Src/system_stm32f7xx.o
                0x20000008                SystemCoreClock
 .data.uwTickPrio
                0x2000000c        0x4 ./Drivers/STM32F7xx_HAL_Driver/Src/stm32f7xx_hal.o
                0x2000000c                uwTickPrio
 .data.uwTickFreq
                0x20000010        0x1 ./Drivers/STM32F7xx_HAL_Driver/Src/stm32f7xx_hal.o
                0x20000010                uwTickFreq
 *(.RamFunc)
 *(.RamFunc*)
                0x20000014                        . = ALIGN (0x4)
 *fill*         0x20000011        0x3 
                0x20000014                        _edata = .

.igot.plt       0x20000014        0x0 load address 0x08004ed8
 .igot.plt      0x20000014        0x0 /opt/st/stm32cubeide_1.15.1/plugins/com.st.stm32cube.ide.mcu.externaltools.gnu-tools-for-stm32.12.3.rel1.linux64_1.0.100.202403111256/tools/bin/../lib/gcc/arm-none-eabi/12.3.1/thumb/v7e-m+fp/hard/crtbegin.o
                0x20000014                        . = ALIGN (0x4)

.bss            0x20000018     0x8314 load address 0x08004ed8
                0x20000018                        _sbss = .
                0x20000018                        __bss_start__ = _sbss
 *(.bss)
 .bss           0x20000018       0x1c /opt/st/stm32cubeide_1.15.1/plugins/com.st.stm32cube.ide.mcu.externaltools.gnu-tools-for-stm32.12.3.rel1.linux64_1.0.100.202403111256/tools/bin/../lib/gcc/arm-none-eabi/12.3.1/thumb/v7e-m+fp/hard/crtbegin.o
 *(.bss*)
 .bss.hcryp     0x20000034       0x60 ./Core/Src/main.o
                0x20000034                hcryp
 .bss.pKeyCRYP  0x20000094       0x10 ./Core/Src/main.o
                0x20000094                pKeyCRYP
 .bss.hhash     0x200000a4       0x44 ./Core/Src/main.o
                0x200000a4                hhash
 .bss.hrng      0x200000e8       0x10 ./Core/Src/main.o
                0x200000e8                hrng
 .bss.huart2    0x200000f8       0x88 ./Core/Src/main.o
                0x200000f8                huart2
 .bss.receivedBlock
                0x20000180       0x10 ./Core/Src/main.o
                0x20000180                receivedBlock
 .bss.gid       0x20000190        0x8 ./Core/Src/main.o
                0x20000190                gid
 .bss.cipher    0x20000198       0x10 ./Core/Src/main.o
                0x20000198                cipher
 .bss.counter   0x200001a8        0x4 ./Core/Src/main.o
                0x200001a8                counter
 *fill*         0x200001ac        0x4 
 .bss.t         0x200001b0     0x8000 ./Core/Src/main.o
                0x200001b0                t
 .bss.stages    0x200081b0        0x4 ./Core/Src/main.o
                0x200081b0                stages
 .bss.counter_for_sending_data
                0x200081b4        0x4 ./Core/Src/main.o
                0x200081b4                counter_for_sending_data
 .bss.data      0x200081b8       0x10 ./Core/Src/main.o
                0x200081b8                data
 .bss.delta     0x200081c8       0x10 ./Core/Src/main.o
                0x200081c8                delta
 .bss.S         0x200081d8       0x10 ./Core/Src/main.o
                0x200081d8                S
 .bss.keysForAes
                0x200081e8       0x80 ./Core/Src/main.o
                0x200081e8                keysForAes
 .bss.ctx       0x20008268       0xc0 ./Core/Src/main.o
                0x20008268                ctx
 .bss.uwTick    0x20008328        0x4 ./Drivers/STM32F7xx_HAL_Driver/Src/stm32f7xx_hal.o
                0x20008328                uwTick
 *(COMMON)
                0x2000832c                        . = ALIGN (0x4)
                0x2000832c                        _ebss = .
                0x2000832c                        __bss_end__ = _ebss

._user_heap_stack
                0x2000832c      0x604 load address 0x08004ed8
                0x20008330                        . = ALIGN (0x8)
 *fill*         0x2000832c        0x4 
                [!provide]                        PROVIDE (end = .)
                0x20008330                        PROVIDE (_end = .)
                0x20008530                        . = (. + _Min_Heap_Size)
 *fill*         0x20008330      0x200 
                0x20008930                        . = (. + _Min_Stack_Size)
 *fill*         0x20008530      0x400 
                0x20008930                        . = ALIGN (0x8)

/DISCARD/
 libc.a(*)
 libm.a(*)
 libgcc.a(*)

.ARM.attributes
                0x00000000       0x30
 *(.ARM.attributes)
 .ARM.attributes
                0x00000000       0x22 /opt/st/stm32cubeide_1.15.1/plugins/com.st.stm32cube.ide.mcu.externaltools.gnu-tools-for-stm32.12.3.rel1.linux64_1.0.100.202403111256/tools/bin/../lib/gcc/arm-none-eabi/12.3.1/thumb/v7e-m+fp/hard/crti.o
 .ARM.attributes
                0x00000022       0x34 /opt/st/stm32cubeide_1.15.1/plugins/com.st.stm32cube.ide.mcu.externaltools.gnu-tools-for-stm32.12.3.rel1.linux64_1.0.100.202403111256/tools/bin/../lib/gcc/arm-none-eabi/12.3.1/thumb/v7e-m+fp/hard/crtbegin.o
 .ARM.attributes
                0x00000056       0x34 ./Core/Src/aes.o
 .ARM.attributes
                0x0000008a       0x34 ./Core/Src/main.o
 .ARM.attributes
                0x000000be       0x34 ./Core/Src/stm32f7xx_hal_msp.o
 .ARM.attributes
                0x000000f2       0x34 ./Core/Src/stm32f7xx_it.o
 .ARM.attributes
                0x00000126       0x34 ./Core/Src/system_stm32f7xx.o
 .ARM.attributes
                0x0000015a       0x21 ./Core/Startup/startup_stm32f756zgtx.o
 .ARM.attributes
                0x0000017b       0x34 ./Drivers/STM32F7xx_HAL_Driver/Src/stm32f7xx_hal.o
 .ARM.attributes
                0x000001af       0x34 ./Drivers/STM32F7xx_HAL_Driver/Src/stm32f7xx_hal_cortex.o
 .ARM.attributes
                0x000001e3       0x34 ./Drivers/STM32F7xx_HAL_Driver/Src/stm32f7xx_hal_cryp.o
 .ARM.attributes
                0x00000217       0x34 ./Drivers/STM32F7xx_HAL_Driver/Src/stm32f7xx_hal_dma.o
 .ARM.attributes
                0x0000024b       0x34 ./Drivers/STM32F7xx_HAL_Driver/Src/stm32f7xx_hal_gpio.o
 .ARM.attributes
                0x0000027f       0x34 ./Drivers/STM32F7xx_HAL_Driver/Src/stm32f7xx_hal_hash.o
 .ARM.attributes
                0x000002b3       0x34 ./Drivers/STM32F7xx_HAL_Driver/Src/stm32f7xx_hal_rcc.o
 .ARM.attributes
                0x000002e7       0x34 ./Drivers/STM32F7xx_HAL_Driver/Src/stm32f7xx_hal_rcc_ex.o
 .ARM.attributes
                0x0000031b       0x34 ./Drivers/STM32F7xx_HAL_Driver/Src/stm32f7xx_hal_rng.o
 .ARM.attributes
                0x0000034f       0x34 ./Drivers/STM32F7xx_HAL_Driver/Src/stm32f7xx_hal_uart.o
 .ARM.attributes
                0x00000383       0x34 /opt/st/stm32cubeide_1.15.1/plugins/com.st.stm32cube.ide.mcu.externaltools.gnu-tools-for-stm32.12.3.rel1.linux64_1.0.100.202403111256/tools/bin/../lib/gcc/arm-none-eabi/12.3.1/../../../../arm-none-eabi/lib/thumb/v7e-m+fp/hard/libc_nano.a(libc_a-memset.o)
 .ARM.attributes
                0x000003b7       0x34 /opt/st/stm32cubeide_1.15.1/plugins/com.st.stm32cube.ide.mcu.externaltools.gnu-tools-for-stm32.12.3.rel1.linux64_1.0.100.202403111256/tools/bin/../lib/gcc/arm-none-eabi/12.3.1/../../../../arm-none-eabi/lib/thumb/v7e-m+fp/hard/libc_nano.a(libc_a-init.o)
 .ARM.attributes
                0x000003eb       0x22 /opt/st/stm32cubeide_1.15.1/plugins/com.st.stm32cube.ide.mcu.externaltools.gnu-tools-for-stm32.12.3.rel1.linux64_1.0.100.202403111256/tools/bin/../lib/gcc/arm-none-eabi/12.3.1/thumb/v7e-m+fp/hard/libgcc.a(_aeabi_uldivmod.o)
 .ARM.attributes
                0x0000040d       0x34 /opt/st/stm32cubeide_1.15.1/plugins/com.st.stm32cube.ide.mcu.externaltools.gnu-tools-for-stm32.12.3.rel1.linux64_1.0.100.202403111256/tools/bin/../lib/gcc/arm-none-eabi/12.3.1/thumb/v7e-m+fp/hard/libgcc.a(_udivmoddi4.o)
 .ARM.attributes
                0x00000441       0x22 /opt/st/stm32cubeide_1.15.1/plugins/com.st.stm32cube.ide.mcu.externaltools.gnu-tools-for-stm32.12.3.rel1.linux64_1.0.100.202403111256/tools/bin/../lib/gcc/arm-none-eabi/12.3.1/thumb/v7e-m+fp/hard/libgcc.a(_dvmd_tls.o)
 .ARM.attributes
                0x00000463       0x22 /opt/st/stm32cubeide_1.15.1/plugins/com.st.stm32cube.ide.mcu.externaltools.gnu-tools-for-stm32.12.3.rel1.linux64_1.0.100.202403111256/tools/bin/../lib/gcc/arm-none-eabi/12.3.1/thumb/v7e-m+fp/hard/crtn.o
OUTPUT(IKNP-Handle-F7-before-int.elf elf32-littlearm)
LOAD linker stubs
LOAD /opt/st/stm32cubeide_1.15.1/plugins/com.st.stm32cube.ide.mcu.externaltools.gnu-tools-for-stm32.12.3.rel1.linux64_1.0.100.202403111256/tools/bin/../lib/gcc/arm-none-eabi/12.3.1/../../../../arm-none-eabi/lib/thumb/v7e-m+fp/hard/libc.a
LOAD /opt/st/stm32cubeide_1.15.1/plugins/com.st.stm32cube.ide.mcu.externaltools.gnu-tools-for-stm32.12.3.rel1.linux64_1.0.100.202403111256/tools/bin/../lib/gcc/arm-none-eabi/12.3.1/../../../../arm-none-eabi/lib/thumb/v7e-m+fp/hard/libm.a
LOAD /opt/st/stm32cubeide_1.15.1/plugins/com.st.stm32cube.ide.mcu.externaltools.gnu-tools-for-stm32.12.3.rel1.linux64_1.0.100.202403111256/tools/bin/../lib/gcc/arm-none-eabi/12.3.1/thumb/v7e-m+fp/hard/libgcc.a

.debug_info     0x00000000     0xfeac
 .debug_info    0x00000000      0x750 ./Core/Src/aes.o
 .debug_info    0x00000750     0x235c ./Core/Src/main.o
 .debug_info    0x00002aac     0x1724 ./Core/Src/stm32f7xx_hal_msp.o
 .debug_info    0x000041d0      0x71e ./Core/Src/stm32f7xx_it.o
 .debug_info    0x000048ee      0x6ed ./Core/Src/system_stm32f7xx.o
 .debug_info    0x00004fdb       0x30 ./Core/Startup/startup_stm32f756zgtx.o
 .debug_info    0x0000500b      0xa55 ./Drivers/STM32F7xx_HAL_Driver/Src/stm32f7xx_hal.o
 .debug_info    0x00005a60      0xf4f ./Drivers/STM32F7xx_HAL_Driver/Src/stm32f7xx_hal_cortex.o
 .debug_info    0x000069af     0x1c55 ./Drivers/STM32F7xx_HAL_Driver/Src/stm32f7xx_hal_cryp.o
 .debug_info    0x00008604      0x8e7 ./Drivers/STM32F7xx_HAL_Driver/Src/stm32f7xx_hal_dma.o
 .debug_info    0x00008eeb      0x6e7 ./Drivers/STM32F7xx_HAL_Driver/Src/stm32f7xx_hal_gpio.o
 .debug_info    0x000095d2     0x1a80 ./Drivers/STM32F7xx_HAL_Driver/Src/stm32f7xx_hal_hash.o
 .debug_info    0x0000b052      0x8dc ./Drivers/STM32F7xx_HAL_Driver/Src/stm32f7xx_hal_rcc.o
 .debug_info    0x0000b92e      0x6bd ./Drivers/STM32F7xx_HAL_Driver/Src/stm32f7xx_hal_rcc_ex.o
 .debug_info    0x0000bfeb      0x47a ./Drivers/STM32F7xx_HAL_Driver/Src/stm32f7xx_hal_rng.o
 .debug_info    0x0000c465     0x3a47 ./Drivers/STM32F7xx_HAL_Driver/Src/stm32f7xx_hal_uart.o

.debug_abbrev   0x00000000     0x22b4
 .debug_abbrev  0x00000000      0x202 ./Core/Src/aes.o
 .debug_abbrev  0x00000202      0x37b ./Core/Src/main.o
 .debug_abbrev  0x0000057d      0x247 ./Core/Src/stm32f7xx_hal_msp.o
 .debug_abbrev  0x000007c4      0x174 ./Core/Src/stm32f7xx_it.o
 .debug_abbrev  0x00000938      0x13b ./Core/Src/system_stm32f7xx.o
 .debug_abbrev  0x00000a73       0x24 ./Core/Startup/startup_stm32f756zgtx.o
 .debug_abbrev  0x00000a97      0x213 ./Drivers/STM32F7xx_HAL_Driver/Src/stm32f7xx_hal.o
 .debug_abbrev  0x00000caa      0x329 ./Drivers/STM32F7xx_HAL_Driver/Src/stm32f7xx_hal_cortex.o
 .debug_abbrev  0x00000fd3      0x2fa ./Drivers/STM32F7xx_HAL_Driver/Src/stm32f7xx_hal_cryp.o
 .debug_abbrev  0x000012cd      0x264 ./Drivers/STM32F7xx_HAL_Driver/Src/stm32f7xx_hal_dma.o
 .debug_abbrev  0x00001531      0x1d4 ./Drivers/STM32F7xx_HAL_Driver/Src/stm32f7xx_hal_gpio.o
 .debug_abbrev  0x00001705      0x2bb ./Drivers/STM32F7xx_HAL_Driver/Src/stm32f7xx_hal_hash.o
 .debug_abbrev  0x000019c0      0x288 ./Drivers/STM32F7xx_HAL_Driver/Src/stm32f7xx_hal_rcc.o
 .debug_abbrev  0x00001c48      0x1c9 ./Drivers/STM32F7xx_HAL_Driver/Src/stm32f7xx_hal_rcc_ex.o
 .debug_abbrev  0x00001e11      0x1bd ./Drivers/STM32F7xx_HAL_Driver/Src/stm32f7xx_hal_rng.o
 .debug_abbrev  0x00001fce      0x2e6 ./Drivers/STM32F7xx_HAL_Driver/Src/stm32f7xx_hal_uart.o

.debug_aranges  0x00000000      0xc98
 .debug_aranges
                0x00000000       0xb8 ./Core/Src/aes.o
 .debug_aranges
                0x000000b8       0xf0 ./Core/Src/main.o
 .debug_aranges
                0x000001a8       0x60 ./Core/Src/stm32f7xx_hal_msp.o
 .debug_aranges
                0x00000208       0x68 ./Core/Src/stm32f7xx_it.o
 .debug_aranges
                0x00000270       0x28 ./Core/Src/system_stm32f7xx.o
 .debug_aranges
                0x00000298       0x28 ./Core/Startup/startup_stm32f756zgtx.o
 .debug_aranges
                0x000002c0      0x100 ./Drivers/STM32F7xx_HAL_Driver/Src/stm32f7xx_hal.o
 .debug_aranges
                0x000003c0      0x118 ./Drivers/STM32F7xx_HAL_Driver/Src/stm32f7xx_hal_cortex.o
 .debug_aranges
                0x000004d8      0x188 ./Drivers/STM32F7xx_HAL_Driver/Src/stm32f7xx_hal_cryp.o
 .debug_aranges
                0x00000660       0x90 ./Drivers/STM32F7xx_HAL_Driver/Src/stm32f7xx_hal_dma.o
 .debug_aranges
                0x000006f0       0x58 ./Drivers/STM32F7xx_HAL_Driver/Src/stm32f7xx_hal_gpio.o
 .debug_aranges
                0x00000748      0x1c8 ./Drivers/STM32F7xx_HAL_Driver/Src/stm32f7xx_hal_hash.o
 .debug_aranges
                0x00000910       0x88 ./Drivers/STM32F7xx_HAL_Driver/Src/stm32f7xx_hal_rcc.o
 .debug_aranges
                0x00000998       0x50 ./Drivers/STM32F7xx_HAL_Driver/Src/stm32f7xx_hal_rcc_ex.o
 .debug_aranges
                0x000009e8       0x88 ./Drivers/STM32F7xx_HAL_Driver/Src/stm32f7xx_hal_rng.o
 .debug_aranges
                0x00000a70      0x228 ./Drivers/STM32F7xx_HAL_Driver/Src/stm32f7xx_hal_uart.o

.debug_rnglists
                0x00000000      0x9be
 .debug_rnglists
                0x00000000       0x8b ./Core/Src/aes.o
 .debug_rnglists
                0x0000008b       0xb7 ./Core/Src/main.o
 .debug_rnglists
                0x00000142       0x44 ./Core/Src/stm32f7xx_hal_msp.o
 .debug_rnglists
                0x00000186       0x49 ./Core/Src/stm32f7xx_it.o
 .debug_rnglists
                0x000001cf       0x1a ./Core/Src/system_stm32f7xx.o
 .debug_rnglists
                0x000001e9       0x19 ./Core/Startup/startup_stm32f756zgtx.o
 .debug_rnglists
                0x00000202       0xbb ./Drivers/STM32F7xx_HAL_Driver/Src/stm32f7xx_hal.o
 .debug_rnglists
                0x000002bd       0xce ./Drivers/STM32F7xx_HAL_Driver/Src/stm32f7xx_hal_cortex.o
 .debug_rnglists
                0x0000038b      0x140 ./Drivers/STM32F7xx_HAL_Driver/Src/stm32f7xx_hal_cryp.o
 .debug_rnglists
                0x000004cb       0x70 ./Drivers/STM32F7xx_HAL_Driver/Src/stm32f7xx_hal_dma.o
 .debug_rnglists
                0x0000053b       0x3f ./Drivers/STM32F7xx_HAL_Driver/Src/stm32f7xx_hal_gpio.o
 .debug_rnglists
                0x0000057a      0x165 ./Drivers/STM32F7xx_HAL_Driver/Src/stm32f7xx_hal_hash.o
 .debug_rnglists
                0x000006df       0x67 ./Drivers/STM32F7xx_HAL_Driver/Src/stm32f7xx_hal_rcc.o
 .debug_rnglists
                0x00000746       0x3c ./Drivers/STM32F7xx_HAL_Driver/Src/stm32f7xx_hal_rcc_ex.o
 .debug_rnglists
                0x00000782       0x63 ./Drivers/STM32F7xx_HAL_Driver/Src/stm32f7xx_hal_rng.o
 .debug_rnglists
                0x000007e5      0x1d9 ./Drivers/STM32F7xx_HAL_Driver/Src/stm32f7xx_hal_uart.o

.debug_macro    0x00000000    0x260be
 .debug_macro   0x00000000      0x170 ./Core/Src/aes.o
 .debug_macro   0x00000170      0xab4 ./Core/Src/aes.o
 .debug_macro   0x00000c24       0x22 ./Core/Src/aes.o
 .debug_macro   0x00000c46       0x5b ./Core/Src/aes.o
 .debug_macro   0x00000ca1       0x2a ./Core/Src/aes.o
 .debug_macro   0x00000ccb       0x94 ./Core/Src/aes.o
 .debug_macro   0x00000d5f       0x43 ./Core/Src/aes.o
 .debug_macro   0x00000da2       0x34 ./Core/Src/aes.o
 .debug_macro   0x00000dd6      0x189 ./Core/Src/aes.o
 .debug_macro   0x00000f5f       0x16 ./Core/Src/aes.o
 .debug_macro   0x00000f75       0x43 ./Core/Src/aes.o
 .debug_macro   0x00000fb8       0x57 ./Core/Src/aes.o
 .debug_macro   0x0000100f       0x34 ./Core/Src/aes.o
 .debug_macro   0x00001043       0x10 ./Core/Src/aes.o
 .debug_macro   0x00001053       0x58 ./Core/Src/aes.o
 .debug_macro   0x000010ab       0x8e ./Core/Src/aes.o
 .debug_macro   0x00001139       0x1c ./Core/Src/aes.o
 .debug_macro   0x00001155      0x177 ./Core/Src/aes.o
 .debug_macro   0x000012cc      0x369 ./Core/Src/aes.o
 .debug_macro   0x00001635       0x10 ./Core/Src/aes.o
 .debug_macro   0x00001645       0x35 ./Core/Src/aes.o
 .debug_macro   0x0000167a       0x20 ./Core/Src/aes.o
 .debug_macro   0x0000169a      0x103 ./Core/Src/aes.o
 .debug_macro   0x0000179d       0x6a ./Core/Src/aes.o
 .debug_macro   0x00001807      0x1df ./Core/Src/aes.o
 .debug_macro   0x000019e6       0x2e ./Core/Src/aes.o
 .debug_macro   0x00001a14      0x232 ./Core/Src/main.o
 .debug_macro   0x00001c46      0x29f ./Core/Src/main.o
 .debug_macro   0x00001ee5       0x2e ./Core/Src/main.o
 .debug_macro   0x00001f13       0x3b ./Core/Src/main.o
 .debug_macro   0x00001f4e       0x8e ./Core/Src/main.o
 .debug_macro   0x00001fdc       0x51 ./Core/Src/main.o
 .debug_macro   0x0000202d       0x1c ./Core/Src/main.o
 .debug_macro   0x00002049       0x22 ./Core/Src/main.o
 .debug_macro   0x0000206b       0xd9 ./Core/Src/main.o
 .debug_macro   0x00002144     0x12cd ./Core/Src/main.o
 .debug_macro   0x00003411      0x11f ./Core/Src/main.o
 .debug_macro   0x00003530       0x19 ./Core/Src/main.o
 .debug_macro   0x00003549    0x19864 ./Core/Src/main.o
 .debug_macro   0x0001cdad       0x6d ./Core/Src/main.o
 .debug_macro   0x0001ce1a     0x3749 ./Core/Src/main.o
 .debug_macro   0x00020563       0x63 ./Core/Src/main.o
 .debug_macro   0x000205c6     0x1939 ./Core/Src/main.o
 .debug_macro   0x00021eff      0x6c4 ./Core/Src/main.o
 .debug_macro   0x000225c3      0x185 ./Core/Src/main.o
 .debug_macro   0x00022748      0x115 ./Core/Src/main.o
 .debug_macro   0x0002285d      0x1fd ./Core/Src/main.o
 .debug_macro   0x00022a5a       0xa5 ./Core/Src/main.o
 .debug_macro   0x00022aff      0x24f ./Core/Src/main.o
 .debug_macro   0x00022d4e       0x41 ./Core/Src/main.o
 .debug_macro   0x00022d8f       0x58 ./Core/Src/main.o
 .debug_macro   0x00022de7      0x236 ./Core/Src/main.o
 .debug_macro   0x0002301d      0x153 ./Core/Src/main.o
 .debug_macro   0x00023170       0x20 ./Core/Src/main.o
 .debug_macro   0x00023190      0x14e ./Core/Src/main.o
 .debug_macro   0x000232de      0x25a ./Core/Src/main.o
 .debug_macro   0x00023538       0x12 ./Core/Src/main.o
 .debug_macro   0x0002354a      0x122 ./Core/Src/main.o
 .debug_macro   0x0002366c      0x22c ./Core/Src/main.o
 .debug_macro   0x00023898       0x61 ./Core/Src/main.o
 .debug_macro   0x000238f9       0xa5 ./Core/Src/main.o
 .debug_macro   0x0002399e      0x12e ./Core/Src/main.o
 .debug_macro   0x00023acc      0x108 ./Core/Src/main.o
 .debug_macro   0x00023bd4       0x35 ./Core/Src/main.o
 .debug_macro   0x00023c09       0xa4 ./Core/Src/main.o
 .debug_macro   0x00023cad      0x56d ./Core/Src/main.o
 .debug_macro   0x0002421a       0x44 ./Core/Src/main.o
 .debug_macro   0x0002425e      0x14d ./Core/Src/main.o
 .debug_macro   0x000243ab      0x13c ./Core/Src/main.o
 .debug_macro   0x000244e7       0x22 ./Core/Src/main.o
 .debug_macro   0x00024509      0x229 ./Core/Src/stm32f7xx_hal_msp.o
 .debug_macro   0x00024732      0x233 ./Core/Src/stm32f7xx_it.o
 .debug_macro   0x00024965      0x207 ./Core/Src/system_stm32f7xx.o
 .debug_macro   0x00024b6c      0x22b ./Drivers/STM32F7xx_HAL_Driver/Src/stm32f7xx_hal.o
 .debug_macro   0x00024d97      0x207 ./Drivers/STM32F7xx_HAL_Driver/Src/stm32f7xx_hal_cortex.o
 .debug_macro   0x00024f9e      0x278 ./Drivers/STM32F7xx_HAL_Driver/Src/stm32f7xx_hal_cryp.o
 .debug_macro   0x00025216      0x20d ./Drivers/STM32F7xx_HAL_Driver/Src/stm32f7xx_hal_dma.o
 .debug_macro   0x00025423      0x20d ./Drivers/STM32F7xx_HAL_Driver/Src/stm32f7xx_hal_gpio.o
 .debug_macro   0x00025630      0x22b ./Drivers/STM32F7xx_HAL_Driver/Src/stm32f7xx_hal_hash.o
 .debug_macro   0x0002585b      0x22b ./Drivers/STM32F7xx_HAL_Driver/Src/stm32f7xx_hal_rcc.o
 .debug_macro   0x00025a86      0x207 ./Drivers/STM32F7xx_HAL_Driver/Src/stm32f7xx_hal_rcc_ex.o
 .debug_macro   0x00025c8d      0x20d ./Drivers/STM32F7xx_HAL_Driver/Src/stm32f7xx_hal_rng.o
 .debug_macro   0x00025e9a      0x224 ./Drivers/STM32F7xx_HAL_Driver/Src/stm32f7xx_hal_uart.o

.debug_line     0x00000000    0x11224
 .debug_line    0x00000000      0xde0 ./Core/Src/aes.o
 .debug_line    0x00000de0     0x10f3 ./Core/Src/main.o
 .debug_line    0x00001ed3      0x83b ./Core/Src/stm32f7xx_hal_msp.o
 .debug_line    0x0000270e      0x7ee ./Core/Src/stm32f7xx_it.o
 .debug_line    0x00002efc      0x78d ./Core/Src/system_stm32f7xx.o
 .debug_line    0x00003689       0x7a ./Core/Startup/startup_stm32f756zgtx.o
 .debug_line    0x00003703      0xa2d ./Drivers/STM32F7xx_HAL_Driver/Src/stm32f7xx_hal.o
 .debug_line    0x00004130      0xca5 ./Drivers/STM32F7xx_HAL_Driver/Src/stm32f7xx_hal_cortex.o
 .debug_line    0x00004dd5     0x3644 ./Drivers/STM32F7xx_HAL_Driver/Src/stm32f7xx_hal_cryp.o
 .debug_line    0x00008419      0xf7c ./Drivers/STM32F7xx_HAL_Driver/Src/stm32f7xx_hal_dma.o
 .debug_line    0x00009395      0xbad ./Drivers/STM32F7xx_HAL_Driver/Src/stm32f7xx_hal_gpio.o
 .debug_line    0x00009f42     0x1c0f ./Drivers/STM32F7xx_HAL_Driver/Src/stm32f7xx_hal_hash.o
 .debug_line    0x0000bb51      0xe5e ./Drivers/STM32F7xx_HAL_Driver/Src/stm32f7xx_hal_rcc.o
 .debug_line    0x0000c9af      0xe12 ./Drivers/STM32F7xx_HAL_Driver/Src/stm32f7xx_hal_rcc_ex.o
 .debug_line    0x0000d7c1      0x981 ./Drivers/STM32F7xx_HAL_Driver/Src/stm32f7xx_hal_rng.o
 .debug_line    0x0000e142     0x30e2 ./Drivers/STM32F7xx_HAL_Driver/Src/stm32f7xx_hal_uart.o

.debug_str      0x00000000    0xeb0d0
 .debug_str     0x00000000     0x72b1 ./Core/Src/aes.o
                               0x74ed (size before relaxing)
 .debug_str     0x000072b1    0xe0ed1 ./Core/Src/main.o
                              0xe5600 (size before relaxing)
 .debug_str     0x000e8182      0x907 ./Core/Src/stm32f7xx_hal_msp.o
                              0xe57a6 (size before relaxing)
 .debug_str     0x000e8a89       0xef ./Core/Src/stm32f7xx_it.o
                              0xe47ab (size before relaxing)
 .debug_str     0x000e8b78       0x87 ./Core/Src/system_stm32f7xx.o
                              0xe3fb1 (size before relaxing)
 .debug_str     0x000e8bff       0x44 ./Core/Startup/startup_stm32f756zgtx.o
                                 0x91 (size before relaxing)
 .debug_str     0x000e8c43      0x439 ./Drivers/STM32F7xx_HAL_Driver/Src/stm32f7xx_hal.o
                              0xe4951 (size before relaxing)
 .debug_str     0x000e907c      0x310 ./Drivers/STM32F7xx_HAL_Driver/Src/stm32f7xx_hal_cortex.o
                              0xe4914 (size before relaxing)
 .debug_str     0x000e938c      0x70a ./Drivers/STM32F7xx_HAL_Driver/Src/stm32f7xx_hal_cryp.o
                              0xe49f3 (size before relaxing)
 .debug_str     0x000e9a96      0x317 ./Drivers/STM32F7xx_HAL_Driver/Src/stm32f7xx_hal_dma.o
                              0xe42f0 (size before relaxing)
 .debug_str     0x000e9dad      0x105 ./Drivers/STM32F7xx_HAL_Driver/Src/stm32f7xx_hal_gpio.o
                              0xe406f (size before relaxing)
 .debug_str     0x000e9eb2      0x55c ./Drivers/STM32F7xx_HAL_Driver/Src/stm32f7xx_hal_hash.o
                              0xe490c (size before relaxing)
 .debug_str     0x000ea40e      0x219 ./Drivers/STM32F7xx_HAL_Driver/Src/stm32f7xx_hal_rcc.o
                              0xe4313 (size before relaxing)
 .debug_str     0x000ea627      0x14f ./Drivers/STM32F7xx_HAL_Driver/Src/stm32f7xx_hal_rcc_ex.o
                              0xe424b (size before relaxing)
 .debug_str     0x000ea776      0x168 ./Drivers/STM32F7xx_HAL_Driver/Src/stm32f7xx_hal_rng.o
                              0xe3fc4 (size before relaxing)
 .debug_str     0x000ea8de      0x7f2 ./Drivers/STM32F7xx_HAL_Driver/Src/stm32f7xx_hal_uart.o
                              0xe4c60 (size before relaxing)

.comment        0x00000000       0x43
 .comment       0x00000000       0x43 ./Core/Src/aes.o
                                 0x44 (size before relaxing)
 .comment       0x00000043       0x44 ./Core/Src/main.o
 .comment       0x00000043       0x44 ./Core/Src/stm32f7xx_hal_msp.o
 .comment       0x00000043       0x44 ./Core/Src/stm32f7xx_it.o
 .comment       0x00000043       0x44 ./Core/Src/system_stm32f7xx.o
 .comment       0x00000043       0x44 ./Drivers/STM32F7xx_HAL_Driver/Src/stm32f7xx_hal.o
 .comment       0x00000043       0x44 ./Drivers/STM32F7xx_HAL_Driver/Src/stm32f7xx_hal_cortex.o
 .comment       0x00000043       0x44 ./Drivers/STM32F7xx_HAL_Driver/Src/stm32f7xx_hal_cryp.o
 .comment       0x00000043       0x44 ./Drivers/STM32F7xx_HAL_Driver/Src/stm32f7xx_hal_dma.o
 .comment       0x00000043       0x44 ./Drivers/STM32F7xx_HAL_Driver/Src/stm32f7xx_hal_gpio.o
 .comment       0x00000043       0x44 ./Drivers/STM32F7xx_HAL_Driver/Src/stm32f7xx_hal_hash.o
 .comment       0x00000043       0x44 ./Drivers/STM32F7xx_HAL_Driver/Src/stm32f7xx_hal_rcc.o
 .comment       0x00000043       0x44 ./Drivers/STM32F7xx_HAL_Driver/Src/stm32f7xx_hal_rcc_ex.o
 .comment       0x00000043       0x44 ./Drivers/STM32F7xx_HAL_Driver/Src/stm32f7xx_hal_rng.o
 .comment       0x00000043       0x44 ./Drivers/STM32F7xx_HAL_Driver/Src/stm32f7xx_hal_uart.o

.debug_frame    0x00000000     0x34d8
 .debug_frame   0x00000000      0x310 ./Core/Src/aes.o
 .debug_frame   0x00000310      0x43c ./Core/Src/main.o
 .debug_frame   0x0000074c      0x170 ./Core/Src/stm32f7xx_hal_msp.o
 .debug_frame   0x000008bc      0x120 ./Core/Src/stm32f7xx_it.o
 .debug_frame   0x000009dc       0x58 ./Core/Src/system_stm32f7xx.o
 .debug_frame   0x00000a34      0x3b4 ./Drivers/STM32F7xx_HAL_Driver/Src/stm32f7xx_hal.o
 .debug_frame   0x00000de8      0x498 ./Drivers/STM32F7xx_HAL_Driver/Src/stm32f7xx_hal_cortex.o
 .debug_frame   0x00001280      0x700 ./Drivers/STM32F7xx_HAL_Driver/Src/stm32f7xx_hal_cryp.o
 .debug_frame   0x00001980      0x250 ./Drivers/STM32F7xx_HAL_Driver/Src/stm32f7xx_hal_dma.o
 .debug_frame   0x00001bd0      0x14c ./Drivers/STM32F7xx_HAL_Driver/Src/stm32f7xx_hal_gpio.o
 .debug_frame   0x00001d1c      0x7f0 ./Drivers/STM32F7xx_HAL_Driver/Src/stm32f7xx_hal_hash.o
 .debug_frame   0x0000250c      0x1f8 ./Drivers/STM32F7xx_HAL_Driver/Src/stm32f7xx_hal_rcc.o
 .debug_frame   0x00002704      0x118 ./Drivers/STM32F7xx_HAL_Driver/Src/stm32f7xx_hal_rcc_ex.o
 .debug_frame   0x0000281c      0x22c ./Drivers/STM32F7xx_HAL_Driver/Src/stm32f7xx_hal_rng.o
 .debug_frame   0x00002a48      0x9e4 ./Drivers/STM32F7xx_HAL_Driver/Src/stm32f7xx_hal_uart.o
 .debug_frame   0x0000342c       0x20 /opt/st/stm32cubeide_1.15.1/plugins/com.st.stm32cube.ide.mcu.externaltools.gnu-tools-for-stm32.12.3.rel1.linux64_1.0.100.202403111256/tools/bin/../lib/gcc/arm-none-eabi/12.3.1/../../../../arm-none-eabi/lib/thumb/v7e-m+fp/hard/libc_nano.a(libc_a-memset.o)
 .debug_frame   0x0000344c       0x2c /opt/st/stm32cubeide_1.15.1/plugins/com.st.stm32cube.ide.mcu.externaltools.gnu-tools-for-stm32.12.3.rel1.linux64_1.0.100.202403111256/tools/bin/../lib/gcc/arm-none-eabi/12.3.1/../../../../arm-none-eabi/lib/thumb/v7e-m+fp/hard/libc_nano.a(libc_a-init.o)
 .debug_frame   0x00003478       0x2c /opt/st/stm32cubeide_1.15.1/plugins/com.st.stm32cube.ide.mcu.externaltools.gnu-tools-for-stm32.12.3.rel1.linux64_1.0.100.202403111256/tools/bin/../lib/gcc/arm-none-eabi/12.3.1/thumb/v7e-m+fp/hard/libgcc.a(_aeabi_uldivmod.o)
 .debug_frame   0x000034a4       0x34 /opt/st/stm32cubeide_1.15.1/plugins/com.st.stm32cube.ide.mcu.externaltools.gnu-tools-for-stm32.12.3.rel1.linux64_1.0.100.202403111256/tools/bin/../lib/gcc/arm-none-eabi/12.3.1/thumb/v7e-m+fp/hard/libgcc.a(_udivmoddi4.o)

.debug_line_str
                0x00000000       0x75
 .debug_line_str
                0x00000000       0x75 ./Core/Startup/startup_stm32f756zgtx.o
